Archive member included to satisfy reference by file (symbol)

/home/xenwithu/renesas/ra/e2studio_v2024-04_fsp_v5.4.0/toolchains/gcc_arm/arm-gnu-toolchain-13.2.Rel1-x86_64-arm-none-eabi/bin/../lib/gcc/arm-none-eabi/13.2.1/thumb/v8-m.main+fp/hard/libgcc.a(_arm_muldf3.o)
                              ./src/hal_entry.o (__aeabi_dmul)
/home/xenwithu/renesas/ra/e2studio_v2024-04_fsp_v5.4.0/toolchains/gcc_arm/arm-gnu-toolchain-13.2.Rel1-x86_64-arm-none-eabi/bin/../lib/gcc/arm-none-eabi/13.2.1/thumb/v8-m.main+fp/hard/libgcc.a(_arm_addsubdf3.o)
                              ./src/hal_entry.o (__aeabi_i2d)
/home/xenwithu/renesas/ra/e2studio_v2024-04_fsp_v5.4.0/toolchains/gcc_arm/arm-gnu-toolchain-13.2.Rel1-x86_64-arm-none-eabi/bin/../lib/gcc/arm-none-eabi/13.2.1/thumb/v8-m.main+fp/hard/libgcc.a(_arm_truncdfsf2.o)
                              ./src/hal_entry.o (__aeabi_d2f)
/home/xenwithu/renesas/ra/e2studio_v2024-04_fsp_v5.4.0/toolchains/gcc_arm/arm-gnu-toolchain-13.2.Rel1-x86_64-arm-none-eabi/bin/../lib/gcc/arm-none-eabi/13.2.1/thumb/v8-m.main+fp/hard/libgcc.a(_aeabi_ldivmod.o)
                              ./ra/fsp/src/r_sci_uart/r_sci_uart.o (__aeabi_ldivmod)
/home/xenwithu/renesas/ra/e2studio_v2024-04_fsp_v5.4.0/toolchains/gcc_arm/arm-gnu-toolchain-13.2.Rel1-x86_64-arm-none-eabi/bin/../lib/gcc/arm-none-eabi/13.2.1/thumb/v8-m.main+fp/hard/libgcc.a(_udivmoddi4.o)
                              /home/xenwithu/renesas/ra/e2studio_v2024-04_fsp_v5.4.0/toolchains/gcc_arm/arm-gnu-toolchain-13.2.Rel1-x86_64-arm-none-eabi/bin/../lib/gcc/arm-none-eabi/13.2.1/thumb/v8-m.main+fp/hard/libgcc.a(_aeabi_ldivmod.o) (__udivmoddi4)
/home/xenwithu/renesas/ra/e2studio_v2024-04_fsp_v5.4.0/toolchains/gcc_arm/arm-gnu-toolchain-13.2.Rel1-x86_64-arm-none-eabi/bin/../lib/gcc/arm-none-eabi/13.2.1/thumb/v8-m.main+fp/hard/libgcc.a(_dvmd_tls.o)
                              /home/xenwithu/renesas/ra/e2studio_v2024-04_fsp_v5.4.0/toolchains/gcc_arm/arm-gnu-toolchain-13.2.Rel1-x86_64-arm-none-eabi/bin/../lib/gcc/arm-none-eabi/13.2.1/thumb/v8-m.main+fp/hard/libgcc.a(_aeabi_ldivmod.o) (__aeabi_ldiv0)
/home/xenwithu/renesas/ra/e2studio_v2024-04_fsp_v5.4.0/toolchains/gcc_arm/arm-gnu-toolchain-13.2.Rel1-x86_64-arm-none-eabi/bin/../lib/gcc/arm-none-eabi/13.2.1/../../../../arm-none-eabi/lib/thumb/v8-m.main+fp/hard/libg_nano.a(libc_a-exit.o)
                              /home/xenwithu/renesas/ra/e2studio_v2024-04_fsp_v5.4.0/toolchains/gcc_arm/arm-gnu-toolchain-13.2.Rel1-x86_64-arm-none-eabi/bin/../lib/gcc/arm-none-eabi/13.2.1/../../../../arm-none-eabi/lib/thumb/v8-m.main+fp/hard/crt0.o (exit)
/home/xenwithu/renesas/ra/e2studio_v2024-04_fsp_v5.4.0/toolchains/gcc_arm/arm-gnu-toolchain-13.2.Rel1-x86_64-arm-none-eabi/bin/../lib/gcc/arm-none-eabi/13.2.1/../../../../arm-none-eabi/lib/thumb/v8-m.main+fp/hard/libg_nano.a(libc_a-init.o)
                              /home/xenwithu/renesas/ra/e2studio_v2024-04_fsp_v5.4.0/toolchains/gcc_arm/arm-gnu-toolchain-13.2.Rel1-x86_64-arm-none-eabi/bin/../lib/gcc/arm-none-eabi/13.2.1/../../../../arm-none-eabi/lib/thumb/v8-m.main+fp/hard/crt0.o (__libc_init_array)
/home/xenwithu/renesas/ra/e2studio_v2024-04_fsp_v5.4.0/toolchains/gcc_arm/arm-gnu-toolchain-13.2.Rel1-x86_64-arm-none-eabi/bin/../lib/gcc/arm-none-eabi/13.2.1/../../../../arm-none-eabi/lib/thumb/v8-m.main+fp/hard/libg_nano.a(libc_a-memcpy-stub.o)
                              ./ra/fsp/src/r_sci_uart/r_sci_uart.o (memcpy)
/home/xenwithu/renesas/ra/e2studio_v2024-04_fsp_v5.4.0/toolchains/gcc_arm/arm-gnu-toolchain-13.2.Rel1-x86_64-arm-none-eabi/bin/../lib/gcc/arm-none-eabi/13.2.1/../../../../arm-none-eabi/lib/thumb/v8-m.main+fp/hard/libg_nano.a(libc_a-findfp.o)
                              /home/xenwithu/renesas/ra/e2studio_v2024-04_fsp_v5.4.0/toolchains/gcc_arm/arm-gnu-toolchain-13.2.Rel1-x86_64-arm-none-eabi/bin/../lib/gcc/arm-none-eabi/13.2.1/../../../../arm-none-eabi/lib/thumb/v8-m.main+fp/hard/libg_nano.a(libc_a-exit.o) (__stdio_exit_handler)
/home/xenwithu/renesas/ra/e2studio_v2024-04_fsp_v5.4.0/toolchains/gcc_arm/arm-gnu-toolchain-13.2.Rel1-x86_64-arm-none-eabi/bin/../lib/gcc/arm-none-eabi/13.2.1/../../../../arm-none-eabi/lib/thumb/v8-m.main+fp/hard/libg_nano.a(libc_a-strlen.o)
                              ./src/hal_entry.o (strlen)
/home/xenwithu/renesas/ra/e2studio_v2024-04_fsp_v5.4.0/toolchains/gcc_arm/arm-gnu-toolchain-13.2.Rel1-x86_64-arm-none-eabi/bin/../lib/gcc/arm-none-eabi/13.2.1/../../../../arm-none-eabi/lib/thumb/v8-m.main+fp/hard/libg_nano.a(libc_a-sprintf.o)
                              ./src/hal_entry.o (sprintf)
/home/xenwithu/renesas/ra/e2studio_v2024-04_fsp_v5.4.0/toolchains/gcc_arm/arm-gnu-toolchain-13.2.Rel1-x86_64-arm-none-eabi/bin/../lib/gcc/arm-none-eabi/13.2.1/../../../../arm-none-eabi/lib/thumb/v8-m.main+fp/hard/libg_nano.a(libc_a-stdio.o)
[...]
Memory Configuration

Name             Origin             Length             Attributes
ITCM             0x00000000         0x00000000         xr
DTCM             0x00000000         0x00000000         xrw
FLASH            0x00000000         0x00200000         xr
RAM              0x20000000         0x00080000         xrw
DATA_FLASH       0x08000000         0x00002000         xr
QSPI_FLASH       0x60000000         0x04000000         xr
OSPI_DEVICE_0    0x68000000         0x08000000         xr
OSPI_DEVICE_1    0x70000000         0x10000000         xr
OSPI_DEVICE_0_RAM 0x68000000         0x08000000         xrw
OSPI_DEVICE_1_RAM 0x70000000         0x10000000         xrw
SDRAM            0x80010000         0x00000000         xrw
OPTION_SETTING   0x0100a100         0x00000100         r
OPTION_SETTING_OFS 0x0100a100         0x00000018         r
OPTION_SETTING_SAS 0x0100a134         0x000000cc         r
OPTION_SETTING_S 0x0100a200         0x00000100         r
ID_CODE          0x00000000         0x00000000         xr
*default*        0x00000000         0xffffffff

Linker script and memory map

LOAD /home/xenwithu/renesas/ra/e2studio_v2024-04_fsp_v5.4.0/toolchains/gcc_arm/arm-gnu-toolchain-13.2.Rel1-x86_64-arm-none-eabi/bin/../lib/gcc/arm-none-eabi/13.2.1/thumb/v8-m.main+fp/hard/crti.o
LOAD /home/xenwithu/renesas/ra/e2studio_v2024-04_fsp_v5.4.0/toolchains/gcc_arm/arm-gnu-toolchain-13.2.Rel1-x86_64-arm-none-eabi/bin/../lib/gcc/arm-none-eabi/13.2.1/thumb/v8-m.main+fp/hard/crtbegin.o
LOAD /home/xenwithu/renesas/ra/e2studio_v2024-04_fsp_v5.4.0/toolchains/gcc_arm/arm-gnu-toolchain-13.2.Rel1-x86_64-arm-none-eabi/bin/../lib/gcc/arm-none-eabi/13.2.1/../../../../arm-none-eabi/lib/thumb/v8-m.main+fp/hard/crt0.o
START GROUP
LOAD ./src/hal_entry.o
LOAD ./ra_gen/common_data.o
LOAD ./ra_gen/hal_data.o
LOAD ./ra_gen/main.o
LOAD ./ra_gen/pin_data.o
LOAD ./ra_gen/vector_data.o
LOAD ./ra/fsp/src/r_sci_uart/r_sci_uart.o
LOAD ./ra/fsp/src/r_sci_spi/r_sci_spi.o
LOAD ./ra/fsp/src/r_ioport/r_ioport.o
LOAD ./ra/fsp/src/r_dtc/r_dtc.o
LOAD ./ra/fsp/src/bsp/mcu/all/bsp_clocks.o
LOAD ./ra/fsp/src/bsp/mcu/all/bsp_common.o
LOAD ./ra/fsp/src/bsp/mcu/all/bsp_delay.o
LOAD ./ra/fsp/src/bsp/mcu/all/bsp_group_irq.o
LOAD ./ra/fsp/src/bsp/mcu/all/bsp_guard.o
LOAD ./ra/fsp/src/bsp/mcu/all/bsp_io.o
LOAD ./ra/fsp/src/bsp/mcu/all/bsp_irq.o
LOAD ./ra/fsp/src/bsp/mcu/all/bsp_macl.o
LOAD ./ra/fsp/src/bsp/mcu/all/bsp_register_protection.o
LOAD ./ra/fsp/src/bsp/mcu/all/bsp_rom_registers.o
LOAD ./ra/fsp/src/bsp/mcu/all/bsp_sbrk.o
LOAD ./ra/fsp/src/bsp/mcu/all/bsp_sdram.o
LOAD ./ra/fsp/src/bsp/mcu/all/bsp_security.o
LOAD ./ra/fsp/src/bsp/cmsis/Device/RENESAS/Source/startup.o
LOAD ./ra/fsp/src/bsp/cmsis/Device/RENESAS/Source/system.o
LOAD ./ra/board/ra6m5_ck/board_init.o
LOAD ./ra/board/ra6m5_ck/board_leds.o
END GROUP
START GROUP
LOAD /home/xenwithu/renesas/ra/e2studio_v2024-04_fsp_v5.4.0/toolchains/gcc_arm/arm-gnu-toolchain-13.2.Rel1-x86_64-arm-none-eabi/bin/../lib/gcc/arm-none-eabi/13.2.1/thumb/v8-m.main+fp/hard/libgcc.a
LOAD /home/xenwithu/renesas/ra/e2studio_v2024-04_fsp_v5.4.0/toolchains/gcc_arm/arm-gnu-toolchain-13.2.Rel1-x86_64-arm-none-eabi/bin/../lib/gcc/arm-none-eabi/13.2.1/../../../../arm-none-eabi/lib/thumb/v8-m.main+fp/hard/libg_nano.a
LOAD /home/xenwithu/renesas/ra/e2studio_v2024-04_fsp_v5.4.0/toolchains/gcc_arm/arm-gnu-toolchain-13.2.Rel1-x86_64-arm-none-eabi/bin/../lib/gcc/arm-none-eabi/13.2.1/../../../../arm-none-eabi/lib/thumb/v8-m.main+fp/hard/libc_nano.a
END GROUP
START GROUP
LOAD /home/xenwithu/renesas/ra/e2studio_v2024-04_fsp_v5.4.0/toolchains/gcc_arm/arm-gnu-toolchain-13.2.Rel1-x86_64-arm-none-eabi/bin/../lib/gcc/arm-none-eabi/13.2.1/thumb/v8-m.main+fp/hard/libgcc.a
LOAD /home/xenwithu/renesas/ra/e2studio_v2024-04_fsp_v5.4.0/toolchains/gcc_arm/arm-gnu-toolchain-13.2.Rel1-x86_64-arm-none-eabi/bin/../lib/gcc/arm-none-eabi/13.2.1/../../../../arm-none-eabi/lib/thumb/v8-m.main+fp/hard/libc_nano.a
END GROUP
LOAD /home/xenwithu/renesas/ra/e2studio_v2024-04_fsp_v5.4.0/toolchains/gcc_arm/arm-gnu-toolchain-13.2.Rel1-x86_64-arm-none-eabi/bin/../lib/gcc/arm-none-eabi/13.2.1/thumb/v8-m.main+fp/hard/crtend.o
LOAD /home/xenwithu/renesas/ra/e2studio_v2024-04_fsp_v5.4.0/toolchains/gcc_arm/arm-gnu-toolchain-13.2.Rel1-x86_64-arm-none-eabi/bin/../lib/gcc/arm-none-eabi/13.2.1/thumb/v8-m.main+fp/hard/crtn.o
                0x20000000                        RAM_START = 0x20000000
                0x00080000                        RAM_LENGTH = 0x80000
                0x00000000                        FLASH_START = 0x0
                0x00200000                        FLASH_LENGTH = 0x200000
                0x08000000                        DATA_FLASH_START = 0x8000000
                0x00002000                        DATA_FLASH_LENGTH = 0x2000
                0x0100a100                        OPTION_SETTING_START = 0x100a100
                0x00000100                        OPTION_SETTING_LENGTH = 0x100
                0x0100a200                        OPTION_SETTING_S_START = 0x100a200
                0x00000100                        OPTION_SETTING_S_LENGTH = 0x100
                0x00000000                        ID_CODE_START = 0x0
                0x00000000                        ID_CODE_LENGTH = 0x0
                0x80010000                        SDRAM_START = 0x80010000
                0x00000000                        SDRAM_LENGTH = 0x0
                0x60000000                        QSPI_FLASH_START = 0x60000000
                0x04000000                        QSPI_FLASH_LENGTH = 0x4000000
                0x68000000                        OSPI_DEVICE_0_START = 0x68000000
                0x08000000                        OSPI_DEVICE_0_LENGTH = 0x8000000
                0x70000000                        OSPI_DEVICE_1_START = 0x70000000
                0x10000000                        OSPI_DEVICE_1_LENGTH = 0x10000000
                0x04000000                        QSPI_FLASH_PRV_LENGTH = DEFINED (QSPI_FLASH_SIZE)?ABSOLUTE (QSPI_FLASH_SIZE):ABSOLUTE (QSPI_FLASH_LENGTH)
                0x08000000                        OSPI_DEVICE_0_PRV_LENGTH = DEFINED (OSPI_DEVICE_0_SIZE)?ABSOLUTE (OSPI_DEVICE_0_SIZE):ABSOLUTE (OSPI_DEVICE_0_LENGTH)
                0x10000000                        OSPI_DEVICE_1_PRV_LENGTH = DEFINED (OSPI_DEVICE_1_SIZE)?ABSOLUTE (OSPI_DEVICE_1_SIZE):ABSOLUTE (OSPI_DEVICE_1_LENGTH)
                0x00000000                        __RESERVE_NS_RAM = ((! (DEFINED (PROJECT_NONSECURE)) && DEFINED (RAM_NS_BUFFER_LENGTH)) && (OPTION_SETTING_S_LENGTH != 0x0))
                0x00000000                        ITCM_START = DEFINED (ITCM_START)?ITCM_START:0x0
                0x00000000                        ITCM_LENGTH = DEFINED (ITCM_LENGTH)?ITCM_LENGTH:0x0
                0x00000000                        DTCM_START = DEFINED (DTCM_START)?DTCM_START:0x0
                0x00000000                        DTCM_LENGTH = DEFINED (DTCM_LENGTH)?DTCM_LENGTH:0x0
                0x00000000                        RAM_NS_BUFFER_BLOCK_LENGTH = DEFINED (RAM_NS_BUFFER_LENGTH)?ALIGN (RAM_NS_BUFFER_LENGTH, 0x2000):0x0
                0x00000000                        RAM_NS_BUFFER_LENGTH = DEFINED (RAM_NS_BUFFER_LENGTH)?RAM_NS_BUFFER_LENGTH:0x0
                0x20080000                        RAM_NS_BUFFER_START = ((RAM_START + RAM_LENGTH) - RAM_NS_BUFFER_LENGTH)
                0x20080000                        RAM_NS_BUFFER_BLOCK_START = ((RAM_START + RAM_LENGTH) - RAM_NS_BUFFER_BLOCK_LENGTH)
                0x0100a180                        OPTION_SETTING_START_NS = DEFINED (PROJECT_NONSECURE)?OPTION_SETTING_START:(OPTION_SETTING_START + 0x80)
                0x00000001                        __bl_FSP_BOOTABLE_IMAGE = 0x1
                0x00000001                        __bln_FSP_BOOTABLE_IMAGE = 0x1
                0x00000001                        PROJECT_SECURE_OR_FLAT = (((! (DEFINED (PROJECT_NONSECURE)) || DEFINED (PROJECT_SECURE)) && OPTION_SETTING_LENGTH) && ! (DEFINED (FSP_BOOTABLE_IMAGE)))
                0x00000000                        USE_OPTION_SETTING_NS = (DEFINED (PROJECT_NONSECURE) && ! (DEFINED (FSP_BOOTABLE_IMAGE)))
                0x00000000                        __bl_FLASH_IMAGE_START = ! (DEFINED (FLASH_BOOTLOADER_LENGTH))?0x0:(FLASH_APPLICATION_IMAGE_NUMBER == 0x1)?((FLASH_START + FLASH_BOOTLOADER_LENGTH) + FLASH_BOOTLOADER_HEADER_LENGTH):(DEFINED (BOOTLOADER_SECONDARY_USE_QSPI) || DEFINED (BOOTLOADER_SECONDARY_USE_OSPI_B))?(((FLASH_START + FLASH_BOOTLOADER_LENGTH) + FLASH_BOOTLOADER_SCRATCH_LENGTH) + FLASH_BOOTLOADER_HEADER_LENGTH):((((FLASH_START + FLASH_BOOTLOADER_LENGTH) + FLASH_BOOTLOADER_SCRATCH_LENGTH) + FLASH_APPLICATION_S_LENGTH) + FLASH_BOOTLOADER_HEADER_LENGTH)
                0x00000000                        __bl_FLASH_IMAGE_LENGTH = ! (DEFINED (FLASH_BOOTLOADER_LENGTH))?0x0:(FLASH_APPLICATION_S_LENGTH - FLASH_BOOTLOADER_HEADER_LENGTH)
                0x00000000                        __bl_FLASH_IMAGE_END = (__bl_FLASH_IMAGE_START + __bl_FLASH_IMAGE_LENGTH)
                0x00000000                        __bl_XIP_SECONDARY_FLASH_IMAGE_START = ! (DEFINED (FLASH_BOOTLOADER_LENGTH))?0x0:((FLASH_BOOTLOADER_LENGTH + FLASH_APPLICATION_S_LENGTH) + FLASH_BOOTLOADER_HEADER_LENGTH)
                0x00000000                        __bl_XIP_SECONDARY_FLASH_IMAGE_END = (__bl_XIP_SECONDARY_FLASH_IMAGE_START + __bl_FLASH_IMAGE_LENGTH)
                0x00000000                        __bl_FLASH_NS_START = ! (DEFINED (FLASH_BOOTLOADER_LENGTH))?0x0:(FLASH_APPLICATION_NS_LENGTH == 0x0)?__bl_FLASH_IMAGE_END:((__bl_FLASH_IMAGE_START - FLASH_BOOTLOADER_HEADER_LENGTH) + FLASH_APPLICATION_S_LENGTH)
                0x00000000                        __bl_FLASH_NSC_START = ! (DEFINED (FLASH_BOOTLOADER_LENGTH))?0x0:(FLASH_APPLICATION_NS_LENGTH == 0x0)?__bl_FLASH_IMAGE_END:(__bl_FLASH_IMAGE_END - FLASH_APPLICATION_NSC_LENGTH)
                0x00000000                        __bl_RAM_NS_START = ! (DEFINED (FLASH_BOOTLOADER_LENGTH))?0x0:(FLASH_APPLICATION_NS_LENGTH == 0x0)?(RAM_START + RAM_LENGTH):((RAM_START + RAM_LENGTH) - RAM_APPLICATION_NS_LENGTH)
                0x00000000                        __bl_RAM_NSC_START = ! (DEFINED (FLASH_BOOTLOADER_LENGTH))?0x0:(FLASH_APPLICATION_NS_LENGTH == 0x0)?(RAM_START + RAM_LENGTH):(__bl_RAM_NS_START - RAM_APPLICATION_NSC_LENGTH)
                0x00000000                        __bl_FLASH_NS_IMAGE_START = ! (DEFINED (FLASH_BOOTLOADER_LENGTH))?0x0:(FLASH_APPLICATION_NS_LENGTH == 0x0)?__bl_FLASH_IMAGE_END:(__bl_FLASH_NS_START + FLASH_BOOTLOADER_HEADER_LENGTH_2)
                0x00000000                        __bln_FLASH_IMAGE_START = (__bl_FLASH_NS_IMAGE_START | ! (DEFINED (NS_OFFSET_START))?0x0:NS_OFFSET_START)
                0x00000000                        __bln_FLASH_IMAGE_LENGTH = ! (DEFINED (FLASH_BOOTLOADER_LENGTH))?0x0:(FLASH_APPLICATION_NS_LENGTH == 0x0)?__bl_FLASH_IMAGE_END:(FLASH_APPLICATION_NS_LENGTH - FLASH_BOOTLOADER_HEADER_LENGTH_2)
                0x00000000                        XIP_SECONDARY_SLOT_IMAGE = DEFINED (XIP_SECONDARY_SLOT_IMAGE)?XIP_SECONDARY_SLOT_IMAGE:0x0
                0x00000000                        FLASH_ORIGIN = ! (DEFINED (FLASH_IMAGE_START))?FLASH_START:(XIP_SECONDARY_SLOT_IMAGE == 0x1)?XIP_SECONDARY_FLASH_IMAGE_START:FLASH_IMAGE_START
                0x00200000                        LIMITED_FLASH_LENGTH = DEFINED (FLASH_IMAGE_LENGTH)?FLASH_IMAGE_LENGTH:DEFINED (FLASH_BOOTLOADER_LENGTH)?FLASH_BOOTLOADER_LENGTH:FLASH_LENGTH
                0x00000034                        OPTION_SETTING_SAS_SIZE = 0x34
                0x000000cc                        OPTION_SETTING_SAS_LENGTH = ! (DEFINED (OPTION_SETTING_LENGTH))?0x0:(OPTION_SETTING_LENGTH == 0x0)?0x0:(OPTION_SETTING_LENGTH - OPTION_SETTING_SAS_SIZE)
START GROUP
LOAD /home/xenwithu/renesas/ra/e2studio_v2024-04_fsp_v5.4.0/toolchains/gcc_arm/arm-gnu-toolchain-13.2.Rel1-x86_64-arm-none-eabi/bin/../lib/gcc/arm-none-eabi/13.2.1/thumb/v8-m.main+fp/hard/libgcc.a
LOAD /home/xenwithu/renesas/ra/e2studio_v2024-04_fsp_v5.4.0/toolchains/gcc_arm/arm-gnu-toolchain-13.2.Rel1-x86_64-arm-none-eabi/bin/../lib/gcc/arm-none-eabi/13.2.1/../../../../arm-none-eabi/lib/thumb/v8-m.main+fp/hard/libc.a
LOAD /home/xenwithu/renesas/ra/e2studio_v2024-04_fsp_v5.4.0/toolchains/gcc_arm/arm-gnu-toolchain-13.2.Rel1-x86_64-arm-none-eabi/bin/../lib/gcc/arm-none-eabi/13.2.1/../../../../arm-none-eabi/lib/thumb/v8-m.main+fp/hard/libm.a
END GROUP

.text           0x00000000     0x2db4
                0x00000000                        __tz_FLASH_S = ABSOLUTE (FLASH_START)
                0x00000000                        __ROM_Start = .
 *(.fixed_vectors*)
 .fixed_vectors
                0x00000000       0x40 ./ra/fsp/src/bsp/cmsis/Device/RENESAS/Source/startup.o
                0x00000000                __Vectors
 *(.application_vectors*)
 .application_vectors
                0x00000040      0x180 ./ra_gen/vector_data.o
                0x00000040                g_vector_table
                0x000001c0                        __Vectors_End = .
 *(.flash_gap*)
                0x000001c0                        . = (OPTION_SETTING_LENGTH > 0x0)?.:(__ROM_Start + 0x400)
 *(.rom_registers*)
 *(.mcuboot_sce9_key*)
 *(.text*)
 .text.deregister_tm_clones
                0x000001c0       0x1c /home/xenwithu/renesas/ra/e2studio_v2024-04_fsp_v5.4.0/toolchains/gcc_arm/arm-gnu-toolchain-13.2.Rel1-x86_64-arm-none-eabi/bin/../lib/gcc/arm-none-eabi/13.2.1/thumb/v8-m.main+fp/hard/crtbegin.o
 .text.register_tm_clones
                0x000001dc       0x28 /home/xenwithu/renesas/ra/e2studio_v2024-04_fsp_v5.4.0/toolchains/gcc_arm/arm-gnu-toolchain-13.2.Rel1-x86_64-arm-none-eabi/bin/../lib/gcc/arm-none-eabi/13.2.1/thumb/v8-m.main+fp/hard/crtbegin.o
 .text.__do_global_dtors_aux
                0x00000204       0x28 /home/xenwithu/renesas/ra/e2studio_v2024-04_fsp_v5.4.0/toolchains/gcc_arm/arm-gnu-toolchain-13.2.Rel1-x86_64-arm-none-eabi/bin/../lib/gcc/arm-none-eabi/13.2.1/thumb/v8-m.main+fp/hard/crtbegin.o
 .text.frame_dummy
                0x0000022c       0x24 /home/xenwithu/renesas/ra/e2studio_v2024-04_fsp_v5.4.0/toolchains/gcc_arm/arm-gnu-toolchain-13.2.Rel1-x86_64-arm-none-eabi/bin/../lib/gcc/arm-none-eabi/13.2.1/thumb/v8-m.main+fp/hard/crtbegin.o
 .text.R_BSP_WarmStart
                0x00000250       0x18 ./src/hal_entry.o
                0x00000250                R_BSP_WarmStart
 .text.user_uart_callback
                0x00000268       0x14 ./src/hal_entry.o
                0x00000268                user_uart_callback
 .text.console_write
                0x0000027c       0x34 ./src/hal_entry.o
                0x0000027c                console_write
 .text.MAX6675_callback
                0x000002b0       0x10 ./src/hal_entry.o
                0x000002b0                MAX6675_callback
 .text.read_celsius
                0x000002c0       0xbc ./src/hal_entry.o
                0x000002c0                read_celsius
 .text.hal_entry
                0x0000037c       0xf8 ./src/hal_entry.o
                0x0000037c                hal_entry
 .text.startup.main
                0x00000474        0xc ./ra_gen/main.o
                0x00000474                main
 .text.R_SCI_UART_Write
                0x00000480       0x50 ./ra/fsp/src/r_sci_uart/r_sci_uart.o
                0x00000480                R_SCI_UART_Write
 .text.r_sci_uart_call_callback
                0x000004d0       0x44 ./ra/fsp/src/r_sci_uart/r_sci_uart.o
 .text.R_SCI_UART_Open
                0x00000514      0x3a0 ./ra/fsp/src/r_sci_uart/r_sci_uart.o
                0x00000514                R_SCI_UART_Open
 .text.sci_uart_txi_isr
                0x000008b4       0x8c ./ra/fsp/src/r_sci_uart/r_sci_uart.o
                0x000008b4                sci_uart_txi_isr
 .text.sci_uart_rxi_isr
                0x00000940       0x90 ./ra/fsp/src/r_sci_uart/r_sci_uart.o
                0x00000940                sci_uart_rxi_isr
 .text.sci_uart_tei_isr
                0x000009d0       0x48 ./ra/fsp/src/r_sci_uart/r_sci_uart.o
                0x000009d0                sci_uart_tei_isr
 .text.sci_uart_eri_isr
                0x00000a18       0x78 ./ra/fsp/src/r_sci_uart/r_sci_uart.o
                0x00000a18                sci_uart_eri_isr
 .text.r_sci_spi_call_callback
                0x00000a90       0x40 ./ra/fsp/src/r_sci_spi/r_sci_spi.o
 .text.R_SCI_SPI_Open
                0x00000ad0      0x2f4 ./ra/fsp/src/r_sci_spi/r_sci_spi.o
                0x00000ad0                R_SCI_SPI_Open
 .text.r_sci_spi_write_read_common
                0x00000dc4      0x150 ./ra/fsp/src/r_sci_spi/r_sci_spi.o
 .text.R_SCI_SPI_WriteRead
                0x00000f14        0x4 ./ra/fsp/src/r_sci_spi/r_sci_spi.o
                0x00000f14                R_SCI_SPI_WriteRead
 .text.sci_spi_txi_isr
                0x00000f18       0x68 ./ra/fsp/src/r_sci_spi/r_sci_spi.o
                0x00000f18                sci_spi_txi_isr
 .text.sci_spi_rxi_isr
                0x00000f80       0x74 ./ra/fsp/src/r_sci_spi/r_sci_spi.o
                0x00000f80                sci_spi_rxi_isr
 .text.sci_spi_tei_isr
                0x00000ff4       0x40 ./ra/fsp/src/r_sci_spi/r_sci_spi.o
                0x00000ff4                sci_spi_tei_isr
 .text.sci_spi_eri_isr
                0x00001034       0x4c ./ra/fsp/src/r_sci_spi/r_sci_spi.o
                0x00001034                sci_spi_eri_isr
 .text.R_IOPORT_PinWrite
                0x00001080       0x20 ./ra/fsp/src/r_ioport/r_ioport.o
                0x00001080                R_IOPORT_PinWrite
 .text.bsp_vbatt_init
                0x000010a0       0x9c ./ra/fsp/src/r_ioport/r_ioport.o
 .text.r_ioport_pins_config
                0x0000113c       0xac ./ra/fsp/src/r_ioport/r_ioport.o
 .text.R_IOPORT_Open
                0x000011e8       0x14 ./ra/fsp/src/r_ioport/r_ioport.o
                0x000011e8                R_IOPORT_Open
 .text.R_DTC_Reset
                0x000011fc       0x8c ./ra/fsp/src/r_dtc/r_dtc.o
                0x000011fc                R_DTC_Reset
 .text.R_DTC_SoftwareStart
                0x00001288        0x4 ./ra/fsp/src/r_dtc/r_dtc.o
                0x00001288                R_DTC_SoftwareStart
 .text.R_DTC_SoftwareStop
                0x0000128c        0x4 ./ra/fsp/src/r_dtc/r_dtc.o
                0x0000128c                R_DTC_SoftwareStop
 .text.R_DTC_Enable
                0x00001290       0x20 ./ra/fsp/src/r_dtc/r_dtc.o
                0x00001290                R_DTC_Enable
 .text.R_DTC_Disable
                0x000012b0       0x20 ./ra/fsp/src/r_dtc/r_dtc.o
                0x000012b0                R_DTC_Disable
 .text.R_DTC_InfoGet
                0x000012d0       0x54 ./ra/fsp/src/r_dtc/r_dtc.o
                0x000012d0                R_DTC_InfoGet
 .text.R_DTC_Reload
                0x00001324        0x4 ./ra/fsp/src/r_dtc/r_dtc.o
                0x00001324                R_DTC_Reload
 .text.R_DTC_CallbackSet
                0x00001328        0x4 ./ra/fsp/src/r_dtc/r_dtc.o
                0x00001328                R_DTC_CallbackSet
 .text.R_DTC_Close
                0x0000132c       0x30 ./ra/fsp/src/r_dtc/r_dtc.o
                0x0000132c                R_DTC_Close
 .text.R_DTC_Reconfigure
                0x0000135c       0x88 ./ra/fsp/src/r_dtc/r_dtc.o
                0x0000135c                R_DTC_Reconfigure
 .text.R_DTC_Open
                0x000013e4       0xb4 ./ra/fsp/src/r_dtc/r_dtc.o
                0x000013e4                R_DTC_Open
 .text.SystemCoreClockUpdate
                0x00001498       0x28 ./ra/fsp/src/bsp/mcu/all/bsp_clocks.o
                0x00001498                SystemCoreClockUpdate
 .text.bsp_clock_init
                0x000014c0       0xec ./ra/fsp/src/bsp/mcu/all/bsp_clocks.o
                0x000014c0                bsp_clock_init
 .text.R_BSP_Init_RTC
                0x000015ac       0x28 ./ra/fsp/src/bsp/mcu/all/bsp_clocks.o
                0x000015ac                R_BSP_Init_RTC
 .text.bsp_prv_software_delay_loop
                0x000015d4        0xc ./ra/fsp/src/bsp/mcu/all/bsp_delay.o
                0x000015d4                bsp_prv_software_delay_loop
 .text.R_BSP_SoftwareDelay
                0x000015e0       0x58 ./ra/fsp/src/bsp/mcu/all/bsp_delay.o
                0x000015e0                R_BSP_SoftwareDelay
 .text.NMI_Handler
                0x00001638       0x3c ./ra/fsp/src/bsp/mcu/all/bsp_group_irq.o
                0x00001638                NMI_Handler
 .text.bsp_irq_cfg
                0x00001674       0xa4 ./ra/fsp/src/bsp/mcu/all/bsp_irq.o
                0x00001674                bsp_irq_cfg
 .text.R_BSP_RegisterProtectEnable
                0x00001718       0x60 ./ra/fsp/src/bsp/mcu/all/bsp_register_protection.o
                0x00001718                R_BSP_RegisterProtectEnable
 .text.R_BSP_RegisterProtectDisable
                0x00001778       0x54 ./ra/fsp/src/bsp/mcu/all/bsp_register_protection.o
                0x00001778                R_BSP_RegisterProtectDisable
 .text._sbrk    0x000017cc       0x40 ./ra/fsp/src/bsp/mcu/all/bsp_sbrk.o
                0x000017cc                _sbrk
 .text.Default_Handler
                0x0000180c        0x4 ./ra/fsp/src/bsp/cmsis/Device/RENESAS/Source/startup.o
                0x0000180c                DebugMon_Handler
                0x0000180c                HardFault_Handler
                0x0000180c                SysTick_Handler
                0x0000180c                PendSV_Handler
                0x0000180c                UsageFault_Handler
                0x0000180c                SecureFault_Handler
                0x0000180c                Default_Handler
                0x0000180c                MemManage_Handler
                0x0000180c                SVC_Handler
                0x0000180c                BusFault_Handler
 .text.Reset_Handler
                0x00001810        0xc ./ra/fsp/src/bsp/cmsis/Device/RENESAS/Source/startup.o
                0x00001810                Reset_Handler
 .text.SystemInit
                0x0000181c       0xe0 ./ra/fsp/src/bsp/cmsis/Device/RENESAS/Source/system.o
                0x0000181c                SystemInit
 .text.bsp_init
                0x000018fc        0x4 ./ra/board/ra6m5_ck/board_init.o
                0x000018fc                bsp_init
 .text          0x00001900      0x254 /home/xenwithu/renesas/ra/e2studio_v2024-04_fsp_v5.4.0/toolchains/gcc_arm/arm-gnu-toolchain-13.2.Rel1-x86_64-arm-none-eabi/bin/../lib/gcc/arm-none-eabi/13.2.1/thumb/v8-m.main+fp/hard/libgcc.a(_arm_muldf3.o)
                0x00001900                __aeabi_dmul
                0x00001900                __muldf3
 .text          0x00001b54      0x378 /home/xenwithu/renesas/ra/e2studio_v2024-04_fsp_v5.4.0/toolchains/gcc_arm/arm-gnu-toolchain-13.2.Rel1-x86_64-arm-none-eabi/bin/../lib/gcc/arm-none-eabi/13.2.1/thumb/v8-m.main+fp/hard/libgcc.a(_arm_addsubdf3.o)
                0x00001b54                __aeabi_drsub
                0x00001b5c                __aeabi_dsub
                0x00001b5c                __subdf3
                0x00001b60                __adddf3
                0x00001b60                __aeabi_dadd
                0x00001dd8                __aeabi_ui2d
                0x00001dd8                __floatunsidf
                0x00001df8                __floatsidf
                0x00001df8                __aeabi_i2d
                0x00001e1c                __extendsfdf2
                0x00001e1c                __aeabi_f2d
                0x00001e60                __aeabi_ul2d
                0x00001e60                __floatundidf
                0x00001e70                __floatdidf
                0x00001e70                __aeabi_l2d
 .text          0x00001ecc       0xa0 /home/xenwithu/renesas/ra/e2studio_v2024-04_fsp_v5.4.0/toolchains/gcc_arm/arm-gnu-toolchain-13.2.Rel1-x86_64-arm-none-eabi/bin/../lib/gcc/arm-none-eabi/13.2.1/thumb/v8-m.main+fp/hard/libgcc.a(_arm_truncdfsf2.o)
                0x00001ecc                __aeabi_d2f
                0x00001ecc                __truncdfsf2
 .text.memcpy   0x00001f6c       0x1a /home/xenwithu/renesas/ra/e2studio_v2024-04_fsp_v5.4.0/toolchains/gcc_arm/arm-gnu-toolchain-13.2.Rel1-x86_64-arm-none-eabi/bin/../lib/gcc/arm-none-eabi/13.2.1/../../../../arm-none-eabi/lib/thumb/v8-m.main+fp/hard/libg_nano.a(libc_a-memcpy-stub.o)
                0x00001f6c                memcpy
 .text          0x00001f86       0x10 /home/xenwithu/renesas/ra/e2studio_v2024-04_fsp_v5.4.0/toolchains/gcc_arm/arm-gnu-toolchain-13.2.Rel1-x86_64-arm-none-eabi/bin/../lib/gcc/arm-none-eabi/13.2.1/../../../../arm-none-eabi/lib/thumb/v8-m.main+fp/hard/libg_nano.a(libc_a-strlen.o)
                0x00001f86                strlen
 *fill*         0x00001f96        0x2 ff
 .text.sprintf  0x00001f98       0x40 /home/xenwithu/renesas/ra/e2studio_v2024-04_fsp_v5.4.0/toolchains/gcc_arm/arm-gnu-toolchain-13.2.Rel1-x86_64-arm-none-eabi/bin/../lib/gcc/arm-none-eabi/13.2.1/../../../../arm-none-eabi/lib/thumb/v8-m.main+fp/hard/libg_nano.a(libc_a-sprintf.o)
                0x00001f98                sprintf
                0x00001f98                siprintf
 .text.__errno  0x00001fd8        0xc /home/xenwithu/renesas/ra/e2studio_v2024-04_fsp_v5.4.0/toolchains/gcc_arm/arm-gnu-toolchain-13.2.Rel1-x86_64-arm-none-eabi/bin/../lib/gcc/arm-none-eabi/13.2.1/../../../../arm-none-eabi/lib/thumb/v8-m.main+fp/hard/libg_nano.a(libc_a-errno.o)
                0x00001fd8                __errno
 .text.memset   0x00001fe4       0x10 /home/xenwithu/renesas/ra/e2studio_v2024-04_fsp_v5.4.0/toolchains/gcc_arm/arm-gnu-toolchain-13.2.Rel1-x86_64-arm-none-eabi/bin/../lib/gcc/arm-none-eabi/13.2.1/../../../../arm-none-eabi/lib/thumb/v8-m.main+fp/hard/libg_nano.a(libc_a-memset.o)
                0x00001fe4                memset
 .text.__retarget_lock_acquire_recursive
                0x00001ff4        0x2 /home/xenwithu/renesas/ra/e2studio_v2024-04_fsp_v5.4.0/toolchains/gcc_arm/arm-gnu-toolchain-13.2.Rel1-x86_64-arm-none-eabi/bin/../lib/gcc/arm-none-eabi/13.2.1/../../../../arm-none-eabi/lib/thumb/v8-m.main+fp/hard/libg_nano.a(libc_a-lock.o)
                0x00001ff4                __retarget_lock_acquire_recursive
 .text.__retarget_lock_release_recursive
                0x00001ff6        0x2 /home/xenwithu/renesas/ra/e2studio_v2024-04_fsp_v5.4.0/toolchains/gcc_arm/arm-gnu-toolchain-13.2.Rel1-x86_64-arm-none-eabi/bin/../lib/gcc/arm-none-eabi/13.2.1/../../../../arm-none-eabi/lib/thumb/v8-m.main+fp/hard/libg_nano.a(libc_a-lock.o)
                0x00001ff6                __retarget_lock_release_recursive
 .text.__ssputs_r
                0x00001ff8       0xb6 /home/xenwithu/renesas/ra/e2studio_v2024-04_fsp_v5.4.0/toolchains/gcc_arm/arm-gnu-toolchain-13.2.Rel1-x86_64-arm-none-eabi/bin/../lib/gcc/arm-none-eabi/13.2.1/../../../../arm-none-eabi/lib/thumb/v8-m.main+fp/hard/libg_nano.a(libc_a-nano-svfprintf.o)
                0x00001ff8                __ssputs_r
 *fill*         0x000020ae        0x2 ff
 .text._svfprintf_r
                0x000020b0      0x1f8 /home/xenwithu/renesas/ra/e2studio_v2024-04_fsp_v5.4.0/toolchains/gcc_arm/arm-gnu-toolchain-13.2.Rel1-x86_64-arm-none-eabi/bin/../lib/gcc/arm-none-eabi/13.2.1/../../../../arm-none-eabi/lib/thumb/v8-m.main+fp/hard/libg_nano.a(libc_a-nano-svfprintf.o)
                0x000020b0                _svfprintf_r
                0x000020b0                _svfiprintf_r
 .text._printf_common
                0x000022a8       0xe4 /home/xenwithu/renesas/ra/e2studio_v2024-04_fsp_v5.4.0/toolchains/gcc_arm/arm-gnu-toolchain-13.2.Rel1-x86_64-arm-none-eabi/bin/../lib/gcc/arm-none-eabi/13.2.1/../../../../arm-none-eabi/lib/thumb/v8-m.main+fp/hard/libg_nano.a(libc_a-nano-vfprintf_i.o)
                0x000022a8                _printf_common
 .text._printf_i
                0x0000238c      0x23c /home/xenwithu/renesas/ra/e2studio_v2024-04_fsp_v5.4.0/toolchains/gcc_arm/arm-gnu-toolchain-13.2.Rel1-x86_64-arm-none-eabi/bin/../lib/gcc/arm-none-eabi/13.2.1/../../../../arm-none-eabi/lib/thumb/v8-m.main+fp/hard/libg_nano.a(libc_a-nano-vfprintf_i.o)
                0x0000238c                _printf_i
 .text.memchr   0x000025c8       0x1c /home/xenwithu/renesas/ra/e2studio_v2024-04_fsp_v5.4.0/toolchains/gcc_arm/arm-gnu-toolchain-13.2.Rel1-x86_64-arm-none-eabi/bin/../lib/gcc/arm-none-eabi/13.2.1/../../../../arm-none-eabi/lib/thumb/v8-m.main+fp/hard/libg_nano.a(libc_a-memchr-stub.o)
                0x000025c8                memchr
 .text.sbrk_aligned
                0x000025e4       0x44 /home/xenwithu/renesas/ra/e2studio_v2024-04_fsp_v5.4.0/toolchains/gcc_arm/arm-gnu-toolchain-13.2.Rel1-x86_64-arm-none-eabi/bin/../lib/gcc/arm-none-eabi/13.2.1/../../../../arm-none-eabi/lib/thumb/v8-m.main+fp/hard/libg_nano.a(libc_a-mallocr.o)
 .text._malloc_r
                0x00002628      0x100 /home/xenwithu/renesas/ra/e2studio_v2024-04_fsp_v5.4.0/toolchains/gcc_arm/arm-gnu-toolchain-13.2.Rel1-x86_64-arm-none-eabi/bin/../lib/gcc/arm-none-eabi/13.2.1/../../../../arm-none-eabi/lib/thumb/v8-m.main+fp/hard/libg_nano.a(libc_a-mallocr.o)
                0x00002628                _malloc_r
 .text.__malloc_lock
                0x00002728        0xc /home/xenwithu/renesas/ra/e2studio_v2024-04_fsp_v5.4.0/toolchains/gcc_arm/arm-gnu-toolchain-13.2.Rel1-x86_64-arm-none-eabi/bin/../lib/gcc/arm-none-eabi/13.2.1/../../../../arm-none-eabi/lib/thumb/v8-m.main+fp/hard/libg_nano.a(libc_a-mlock.o)
                0x00002728                __malloc_lock
 .text.__malloc_unlock
                0x00002734        0xc /home/xenwithu/renesas/ra/e2studio_v2024-04_fsp_v5.4.0/toolchains/gcc_arm/arm-gnu-toolchain-13.2.Rel1-x86_64-arm-none-eabi/bin/../lib/gcc/arm-none-eabi/13.2.1/../../../../arm-none-eabi/lib/thumb/v8-m.main+fp/hard/libg_nano.a(libc_a-mlock.o)
                0x00002734                __malloc_unlock
 .text._sbrk_r  0x00002740       0x20 /home/xenwithu/renesas/ra/e2studio_v2024-04_fsp_v5.4.0/toolchains/gcc_arm/arm-gnu-toolchain-13.2.Rel1-x86_64-arm-none-eabi/bin/../lib/gcc/arm-none-eabi/13.2.1/../../../../arm-none-eabi/lib/thumb/v8-m.main+fp/hard/libg_nano.a(libc_a-sbrkr.o)
                0x00002740                _sbrk_r
 .text.memmove  0x00002760       0x34 /home/xenwithu/renesas/ra/e2studio_v2024-04_fsp_v5.4.0/toolchains/gcc_arm/arm-gnu-toolchain-13.2.Rel1-x86_64-arm-none-eabi/bin/../lib/gcc/arm-none-eabi/13.2.1/../../../../arm-none-eabi/lib/thumb/v8-m.main+fp/hard/libg_nano.a(libc_a-memmove.o)
                0x00002760                memmove
 .text._realloc_r
                0x00002794       0x5c /home/xenwithu/renesas/ra/e2studio_v2024-04_fsp_v5.4.0/toolchains/gcc_arm/arm-gnu-toolchain-13.2.Rel1-x86_64-arm-none-eabi/bin/../lib/gcc/arm-none-eabi/13.2.1/../../../../arm-none-eabi/lib/thumb/v8-m.main+fp/hard/libg_nano.a(libc_a-reallocr.o)
                0x00002794                _realloc_r
 .text._free_r  0x000027f0       0x94 /home/xenwithu/renesas/ra/e2studio_v2024-04_fsp_v5.4.0/toolchains/gcc_arm/arm-gnu-toolchain-13.2.Rel1-x86_64-arm-none-eabi/bin/../lib/gcc/arm-none-eabi/13.2.1/../../../../arm-none-eabi/lib/thumb/v8-m.main+fp/hard/libg_nano.a(libc_a-freer.o)
                0x000027f0                _free_r
 .text._malloc_usable_size_r
                0x00002884       0x10 /home/xenwithu/renesas/ra/e2studio_v2024-04_fsp_v5.4.0/toolchains/gcc_arm/arm-gnu-toolchain-13.2.Rel1-x86_64-arm-none-eabi/bin/../lib/gcc/arm-none-eabi/13.2.1/../../../../arm-none-eabi/lib/thumb/v8-m.main+fp/hard/libg_nano.a(libc_a-msizer.o)
                0x00002884                _malloc_usable_size_r
 *(.version)
 .version       0x00002894       0x50 ./ra/fsp/src/bsp/mcu/all/bsp_common.o
 *(.init)
 .init          0x000028e4        0x4 /home/xenwithu/renesas/ra/e2studio_v2024-04_fsp_v5.4.0/toolchains/gcc_arm/arm-gnu-toolchain-13.2.Rel1-x86_64-arm-none-eabi/bin/../lib/gcc/arm-none-eabi/13.2.1/thumb/v8-m.main+fp/hard/crti.o
                0x000028e4                _init
 .init          0x000028e8        0x8 /home/xenwithu/renesas/ra/e2studio_v2024-04_fsp_v5.4.0/toolchains/gcc_arm/arm-gnu-toolchain-13.2.Rel1-x86_64-arm-none-eabi/bin/../lib/gcc/arm-none-eabi/13.2.1/thumb/v8-m.main+fp/hard/crtn.o
 *(.fini)
 .fini          0x000028f0        0x4 /home/xenwithu/renesas/ra/e2studio_v2024-04_fsp_v5.4.0/toolchains/gcc_arm/arm-gnu-toolchain-13.2.Rel1-x86_64-arm-none-eabi/bin/../lib/gcc/arm-none-eabi/13.2.1/thumb/v8-m.main+fp/hard/crti.o
                0x000028f0                _fini
 .fini          0x000028f4        0x8 /home/xenwithu/renesas/ra/e2studio_v2024-04_fsp_v5.4.0/toolchains/gcc_arm/arm-gnu-toolchain-13.2.Rel1-x86_64-arm-none-eabi/bin/../lib/gcc/arm-none-eabi/13.2.1/thumb/v8-m.main+fp/hard/crtn.o
 *crtbegin.o(.ctors)
 *crtbegin?.o(.ctors)
 *(EXCLUDE_FILE(*crtend.o *crtend?.o) .ctors)
 *(SORT_BY_NAME(.ctors.*))
 *(.ctors)
 *crtbegin.o(.dtors)
 *crtbegin?.o(.dtors)
 *(EXCLUDE_FILE(*crtend.o *crtend?.o) .dtors)
 *(SORT_BY_NAME(.dtors.*))
 *(.dtors)
 *(.rodata*)
 .rodata.hal_entry.str1.4
                0x000028fc       0x41 ./src/hal_entry.o
 *fill*         0x0000293d        0x3 ff
 .rodata.g_uart0_cfg
                0x00002940       0x20 ./ra_gen/hal_data.o
                0x00002940                g_uart0_cfg
 .rodata.g_uart0_cfg_extend
                0x00002960       0x14 ./ra_gen/hal_data.o
                0x00002960                g_uart0_cfg_extend
 .rodata.g_spi0_cfg
                0x00002974       0x24 ./ra_gen/hal_data.o
                0x00002974                g_spi0_cfg
 .rodata.g_spi0_cfg_extend
                0x00002998        0x3 ./ra_gen/hal_data.o
                0x00002998                g_spi0_cfg_extend
 *fill*         0x0000299b        0x1 ff
 .rodata.g_transfer0
                0x0000299c        0xc ./ra_gen/hal_data.o
                0x0000299c                g_transfer0
 .rodata.g_transfer0_cfg
                0x000029a8        0x8 ./ra_gen/hal_data.o
                0x000029a8                g_transfer0_cfg
 .rodata.g_transfer0_cfg_extend
                0x000029b0        0x1 ./ra_gen/hal_data.o
                0x000029b0                g_transfer0_cfg_extend
 *fill*         0x000029b1        0x3 ff
 .rodata.g_transfer1
                0x000029b4        0xc ./ra_gen/hal_data.o
                0x000029b4                g_transfer1
 .rodata.g_transfer1_cfg
                0x000029c0        0x8 ./ra_gen/hal_data.o
                0x000029c0                g_transfer1_cfg
 .rodata.g_transfer1_cfg_extend
                0x000029c8        0x1 ./ra_gen/hal_data.o
                0x000029c8                g_transfer1_cfg_extend
 *fill*         0x000029c9        0x3 ff
 .rodata.g_bsp_pin_cfg
                0x000029cc        0xc ./ra_gen/pin_data.o
                0x000029cc                g_bsp_pin_cfg
 .rodata.g_bsp_pin_cfg_data
                0x000029d8      0x280 ./ra_gen/pin_data.o
                0x000029d8                g_bsp_pin_cfg_data
 .rodata.g_interrupt_event_link_select
                0x00002c58       0xc0 ./ra_gen/vector_data.o
                0x00002c58                g_interrupt_event_link_select
 .rodata.g_vbatt_pins_input
                0x00002d18        0x6 ./ra/fsp/src/r_ioport/r_ioport.o
 *fill*         0x00002d1e        0x2 ff
 .rodata.g_transfer_on_dtc
                0x00002d20       0x2c ./ra/fsp/src/r_dtc/r_dtc.o
                0x00002d20                g_transfer_on_dtc
 .rodata.g_prcr_masks
                0x00002d4c        0x8 ./ra/fsp/src/bsp/mcu/all/bsp_register_protection.o
 .rodata._svfprintf_r.str1.1
                0x00002d54       0x33 /home/xenwithu/renesas/ra/e2studio_v2024-04_fsp_v5.4.0/toolchains/gcc_arm/arm-gnu-toolchain-13.2.Rel1-x86_64-arm-none-eabi/bin/../lib/gcc/arm-none-eabi/13.2.1/../../../../arm-none-eabi/lib/thumb/v8-m.main+fp/hard/libg_nano.a(libc_a-nano-svfprintf.o)
                                 0x11 (size before relaxing)
 .rodata._printf_i.str1.1
                0x00002d87       0x22 /home/xenwithu/renesas/ra/e2studio_v2024-04_fsp_v5.4.0/toolchains/gcc_arm/arm-gnu-toolchain-13.2.Rel1-x86_64-arm-none-eabi/bin/../lib/gcc/arm-none-eabi/13.2.1/../../../../arm-none-eabi/lib/thumb/v8-m.main+fp/hard/libg_nano.a(libc_a-nano-vfprintf_i.o)
                0x00002d87                        __usb_dev_descriptor_start_fs = .
 *(.usb_device_desc_fs*)
                0x00002d87                        __usb_cfg_descriptor_start_fs = .
 *(.usb_config_desc_fs*)
                0x00002d87                        __usb_interface_descriptor_start_fs = .
 *(.usb_interface_desc_fs*)
                0x00002d87                        __usb_descriptor_end_fs = .
                0x00002d87                        __usb_dev_descriptor_start_hs = .
 *(.usb_device_desc_hs*)
                0x00002d87                        __usb_cfg_descriptor_start_hs = .
 *(.usb_config_desc_hs*)
                0x00002d87                        __usb_interface_descriptor_start_hs = .
 *(.usb_interface_desc_hs*)
                0x00002d87                        __usb_descriptor_end_hs = .
 *(.eh_frame*)
 *fill*         0x00002d87        0x1 ff
 .eh_frame      0x00002d88        0x0 /home/xenwithu/renesas/ra/e2studio_v2024-04_fsp_v5.4.0/toolchains/gcc_arm/arm-gnu-toolchain-13.2.Rel1-x86_64-arm-none-eabi/bin/../lib/gcc/arm-none-eabi/13.2.1/thumb/v8-m.main+fp/hard/crtbegin.o
 .eh_frame      0x00002d88       0x28 /home/xenwithu/renesas/ra/e2studio_v2024-04_fsp_v5.4.0/toolchains/gcc_arm/arm-gnu-toolchain-13.2.Rel1-x86_64-arm-none-eabi/bin/../lib/gcc/arm-none-eabi/13.2.1/../../../../arm-none-eabi/lib/thumb/v8-m.main+fp/hard/libg_nano.a(libc_a-strlen.o)
 .eh_frame      0x00002db0        0x4 /home/xenwithu/renesas/ra/e2studio_v2024-04_fsp_v5.4.0/toolchains/gcc_arm/arm-gnu-toolchain-13.2.Rel1-x86_64-arm-none-eabi/bin/../lib/gcc/arm-none-eabi/13.2.1/thumb/v8-m.main+fp/hard/crtend.o
                0x00002db4                        __ROM_End = .
                0x000001c0                        __Vectors_Size = (__Vectors_End - __Vectors)

.glue_7         0x00002db4        0x0
 .glue_7        0x00002db4        0x0 linker stubs

.glue_7t        0x00002db4        0x0
 .glue_7t       0x00002db4        0x0 linker stubs

.vfp11_veneer   0x00002db4        0x0
 .vfp11_veneer  0x00002db4        0x0 linker stubs

.v4_bx          0x00002db4        0x0
 .v4_bx         0x00002db4        0x0 linker stubs

.iplt           0x00002db4        0x0
 .iplt          0x00002db4        0x0 /home/xenwithu/renesas/ra/e2studio_v2024-04_fsp_v5.4.0/toolchains/gcc_arm/arm-gnu-toolchain-13.2.Rel1-x86_64-arm-none-eabi/bin/../lib/gcc/arm-none-eabi/13.2.1/thumb/v8-m.main+fp/hard/crtbegin.o
                0x00002db4                        . = .
                0x00002db4                        __itcm_data_pre_location = .

.itcm_data      0x00000000        0x0 load address 0x00002dc0
                0x00000000                        __tz_ITCM_S = ABSOLUTE (ITCM_START)
                0x00000000                        __itcm_data_start = .
 *(.itcm_data*)
                0x00000000                        . = ALIGN (0x8)
                0x00000000                        __itcm_data_end = .
                0x00000000                        __tz_ITCM_N = DEFINED (ITCM_NS_START)?ABSOLUTE (ITCM_NS_START):ALIGN (__itcm_data_end, 0x2000)
                0x00002dc0                        __itcm_data_init_start = LOADADDR (.itcm_data)
                0x00002dc0                        __itcm_data_init_end = (LOADADDR (.itcm_data) + SIZEOF (.itcm_data))
                0x00000001                        ASSERT (((ORIGIN (ITCM) % 0x8) == 0x0), ITCM memory region origin must be aligned to 8 bytes.)
                0x00000001                        ASSERT (((LENGTH (ITCM) % 0x8) == 0x0), ITCM memory region length must be a multiple of 8 bytes.)
                0x00000001                        ASSERT (((LOADADDR (.itcm_data) % 0x10) == 0x0), .itcm_data section must be aligned to 16 bytes.)
                0x00000001                        ASSERT (((SIZEOF (.itcm_data) % 0x8) == 0x0), .itcm_data section size must be a multiple of 8 bytes.)
                0x00002db4                        . = (SIZEOF (.itcm_data) > 0x0)?__itcm_data_init_end:__itcm_data_pre_location
                0x00002db4                        __exidx_start = .

/DISCARD/
 *(.ARM.extab* .gnu.linkonce.armextab.*)
 *(.ARM.exidx* .gnu.linkonce.armexidx.*)
                0x00002db4                        __exidx_end = .
                0x00002db4                        __etext = .
                0x20000000                        __tz_RAM_S = ORIGIN (RAM)

.fsp_dtc_vector_table
                0x20000000      0x180
                0x20000000                        . = ORIGIN (RAM)
 *(.fsp_dtc_vector_table)
 .fsp_dtc_vector_table
                0x20000000      0x180 ./ra/fsp/src/r_dtc/r_dtc.o

.data           0x20000180       0x7c load address 0x00002db4
                0x20000180                        __data_start__ = .
                0x20000180                        . = ALIGN (0x4)
                0x20000180                        __Code_In_RAM_Start = .
 *(.code_in_ram*)
                0x20000180                        __Code_In_RAM_End = .
 *(vtable)
 *(.data.*)
 .data.g_uart0_baud_setting
                0x20000180        0x4 ./ra_gen/hal_data.o
                0x20000180                g_uart0_baud_setting
 .data.g_transfer0_info
                0x20000184       0x10 ./ra_gen/hal_data.o
                0x20000184                g_transfer0_info
 .data.g_transfer1_info
                0x20000194       0x10 ./ra_gen/hal_data.o
                0x20000194                g_transfer1_info
 .data._impure_ptr
                0x200001a4        0x4 /home/xenwithu/renesas/ra/e2studio_v2024-04_fsp_v5.4.0/toolchains/gcc_arm/arm-gnu-toolchain-13.2.Rel1-x86_64-arm-none-eabi/bin/../lib/gcc/arm-none-eabi/13.2.1/../../../../arm-none-eabi/lib/thumb/v8-m.main+fp/hard/libg_nano.a(libc_a-impure.o)
                0x200001a4                _impure_ptr
 .data._impure_data
                0x200001a8       0x4c /home/xenwithu/renesas/ra/e2studio_v2024-04_fsp_v5.4.0/toolchains/gcc_arm/arm-gnu-toolchain-13.2.Rel1-x86_64-arm-none-eabi/bin/../lib/gcc/arm-none-eabi/13.2.1/../../../../arm-none-eabi/lib/thumb/v8-m.main+fp/hard/libg_nano.a(libc_a-impure.o)
                0x200001a8                _impure_data
 *(.data)
                0x200001f4                        . = ALIGN (0x4)
                0x200001f4                        PROVIDE (__preinit_array_start = .)
 *(.preinit_array)
                0x200001f4                        PROVIDE (__preinit_array_end = .)
                0x200001f4                        . = ALIGN (0x4)
                0x200001f4                        PROVIDE (__init_array_start = .)
 *(SORT_BY_NAME(.init_array.*))
 *(.init_array)
 .init_array    0x200001f4        0x4 /home/xenwithu/renesas/ra/e2studio_v2024-04_fsp_v5.4.0/toolchains/gcc_arm/arm-gnu-toolchain-13.2.Rel1-x86_64-arm-none-eabi/bin/../lib/gcc/arm-none-eabi/13.2.1/thumb/v8-m.main+fp/hard/crtbegin.o
                0x200001f8                        PROVIDE (__init_array_end = .)
                0x200001f8                        . = ALIGN (0x4)
                [!provide]                        PROVIDE (__fini_array_start = .)
 *(SORT_BY_NAME(.fini_array.*))
 *(.fini_array)
 .fini_array    0x200001f8        0x4 /home/xenwithu/renesas/ra/e2studio_v2024-04_fsp_v5.4.0/toolchains/gcc_arm/arm-gnu-toolchain-13.2.Rel1-x86_64-arm-none-eabi/bin/../lib/gcc/arm-none-eabi/13.2.1/thumb/v8-m.main+fp/hard/crtbegin.o
                [!provide]                        PROVIDE (__fini_array_end = .)
 *(.jcr*)
                0x200001fc                        . = ALIGN (0x4)
                0x200001fc                        __data_end__ = .

.tm_clone_table
                0x200001fc        0x0 load address 0x00002e30
 .tm_clone_table
                0x200001fc        0x0 /home/xenwithu/renesas/ra/e2studio_v2024-04_fsp_v5.4.0/toolchains/gcc_arm/arm-gnu-toolchain-13.2.Rel1-x86_64-arm-none-eabi/bin/../lib/gcc/arm-none-eabi/13.2.1/thumb/v8-m.main+fp/hard/crtbegin.o
 .tm_clone_table
                0x200001fc        0x0 /home/xenwithu/renesas/ra/e2studio_v2024-04_fsp_v5.4.0/toolchains/gcc_arm/arm-gnu-toolchain-13.2.Rel1-x86_64-arm-none-eabi/bin/../lib/gcc/arm-none-eabi/13.2.1/thumb/v8-m.main+fp/hard/crtend.o

.igot.plt       0x200001fc        0x0 load address 0x00002e30
 .igot.plt      0x200001fc        0x0 /home/xenwithu/renesas/ra/e2studio_v2024-04_fsp_v5.4.0/toolchains/gcc_arm/arm-gnu-toolchain-13.2.Rel1-x86_64-arm-none-eabi/bin/../lib/gcc/arm-none-eabi/13.2.1/thumb/v8-m.main+fp/hard/crtbegin.o
                0x200001fc                        . = .
                0x00002e30                        __dtcm_data_pre_location = (LOADADDR (.data) + SIZEOF (.data))

.dtcm_data      0x00000000        0x0 load address 0x00002e30
                0x00000000                        __tz_DTCM_S = ABSOLUTE (DTCM_START)
                0x00000000                        __dtcm_data_start = .
 *(.dtcm_data*)
                0x00000000                        . = ALIGN (0x8)
                0x00000000                        __dtcm_data_end = .
                0x00000000                        . = __dtcm_data_end

.dtcm_bss       0x00000000        0x0
                0x00000000                        __dtcm_bss_start = .
 *(.dtcm_bss*)
                0x00000000                        . = ALIGN (0x8)
                0x00000000                        __dtcm_bss_end = .
                0x00000000                        __tz_DTCM_N = DEFINED (DTCM_NS_START)?ABSOLUTE (DTCM_NS_START):ALIGN (__dtcm_bss_end, 0x2000)
                0x00002e30                        __dtcm_data_init_start = LOADADDR (.dtcm_data)
                0x00002e30                        __dtcm_data_init_end = (LOADADDR (.dtcm_data) + SIZEOF (.dtcm_data))
                0x00000001                        ASSERT (((ORIGIN (DTCM) % 0x8) == 0x0), DTCM memory region origin must be aligned to 8 bytes.)
                0x00000001                        ASSERT (((LENGTH (DTCM) % 0x8) == 0x0), DTCM memory region length must be a multiple of 8 bytes.)
                0x00000001                        ASSERT ((LOADADDR (.dtcm_bss) == ADDR (.dtcm_bss)), .dtcm_bss has (VMA != LMA) but should be NOLOAD (VMA == LMA).)
                0x00000001                        ASSERT (((LOADADDR (.dtcm_data) % 0x10) == 0x0), .dtcm_data section must be aligned to 16 bytes.)
                0x00000001                        ASSERT (((SIZEOF (.dtcm_data) % 0x8) == 0x0), .dtcm_data section size must be a multiple of 8 bytes.)
                0x00000001                        ASSERT (((LOADADDR (.dtcm_bss) % 0x8) == 0x0), .dtcm_bss section must be aligned to 8 bytes.)
                0x00000001                        ASSERT (((SIZEOF (.dtcm_bss) % 0x8) == 0x0), .dtcm_bss section size must be a multiple of 8 bytes.)
                0x00000001                        ASSERT ((__dtcm_bss_start == __dtcm_data_end), .dtcm_bss section is not adjacent to .dtcm_data section.)
                0x00002e30                        . = (SIZEOF (.dtcm_data) > 0x0)?__dtcm_data_init_end:__dtcm_data_pre_location
                0x00002e30                        sgstubs_pre_location = .
                0x00003000                        SGSTUBS_LOC = (DEFINED (PROJECT_SECURE) && DEFINED (FLASH_NSC_START))?ABSOLUTE (FLASH_NSC_START):ALIGN (0x400)

.gnu.sgstubs    0x00003000        0x0
                0x00003000                        __tz_FLASH_C = DEFINED (FLASH_NSC_START)?ABSOLUTE (FLASH_NSC_START):__RESERVE_NS_RAM?ABSOLUTE ((FLASH_START + FLASH_LENGTH)):ALIGN (0x400)
                0x00003000                        _start_sg = .
 *(.gnu.sgstubs*)
                0x00003000                        . = ALIGN (0x20)
                0x00003000                        _end_sg = .
                0x00008000                        __tz_FLASH_N = DEFINED (FLASH_NS_START)?ABSOLUTE (FLASH_NS_START):__RESERVE_NS_RAM?ABSOLUTE ((FLASH_START + FLASH_LENGTH)):(FLASH_LENGTH < 0x8000)?FLASH_LENGTH:ALIGN (0x8000)
                0x00008000                        FLASH_NS_IMAGE_START = DEFINED (FLASH_NS_IMAGE_START)?FLASH_NS_IMAGE_START:__tz_FLASH_N
                0x60000000                        __tz_QSPI_FLASH_S = ORIGIN (QSPI_FLASH)

.qspi_flash     0x60000000        0x0
                0x60000000                        __qspi_flash_start__ = .
 *(.qspi_flash*)
 *(.code_in_qspi*)
                0x60000000                        __qspi_flash_end__ = .
                0x00000000                        __qspi_flash_code_size__ = (__qspi_flash_end__ - __qspi_flash_start__)
                0x00002e30                        __qspi_flash_code_addr__ = sgstubs_pre_location

.qspi_non_retentive
                0x60000000        0x0 load address 0x00002e30
                0x60000000                        __qspi_non_retentive_start__ = .
 *(.qspi_non_retentive*)
                0x60000000                        __qspi_non_retentive_end__ = .
                0x00000000                        __qspi_non_retentive_size__ = (__qspi_non_retentive_end__ - __qspi_non_retentive_start__)
                0x04000000                        __qspi_region_max_size__ = 0x4000000
                0x60000000                        __qspi_region_start_address__ = __qspi_flash_start__
                0x64000000                        __qspi_region_end_address__ = (__qspi_flash_start__ + __qspi_region_max_size__)
                0x60000000                        __tz_QSPI_FLASH_N = __qspi_non_retentive_end__

.OSPI_DEVICE_0_NO_LOAD
                0x68000000        0x0
                0x68000000                        . = ALIGN (0x4)
                0x68000000                        __ospi_device_0_start__ = .
 *(.ospi_device_0_no_load*)
                0x68000000                        . = ALIGN (0x4)
                0x68000000                        __ospi_device_0_end__ = .

.OSPI_DEVICE_1_NO_LOAD
                0x70000000        0x0
                0x70000000                        . = ALIGN (0x4)
                0x70000000                        __ospi_device_1_start__ = .
 *(.ospi_device_1_no_load*)
                0x70000000                        . = ALIGN (0x4)
                0x70000000                        __ospi_device_1_end__ = .
                0x68000000                        __tz_OSPI_DEVICE_0_S = ORIGIN (OSPI_DEVICE_0)

.OSPI_DEVICE_0  0x68000000        0x0
                0x68000000                        __ospi_device_0_start__ = .
 *(.ospi_device_0*)
 *(.code_in_ospi_device_0*)
                0x68000000                        __ospi_device_0_end__ = .
                0x00000000                        __ospi_device_0_code_size__ = (__ospi_device_0_end__ - __ospi_device_0_start__)
                0x00002e30                        __ospi_device_0_code_addr__ = (sgstubs_pre_location + SIZEOF (.qspi_non_retentive))

.ospi_device_0_non_retentive
                0x68000000        0x0 load address 0x00002e30
                0x68000000                        __ospi_device_0_non_retentive_start__ = .
 *(.ospi_device_0_non_retentive*)
                0x68000000                        __ospi_device_0_non_retentive_end__ = .
                0x00000000                        __ospi_device_0_non_retentive_size__ = (__ospi_device_0_non_retentive_end__ - __ospi_device_0_non_retentive_start__)
                0x08000000                        __ospi_device_0_region_max_size__ = 0x8000000
                0x68000000                        __ospi_device_0_region_start_address__ = __ospi_device_0_start__
                0x70000000                        __ospi_device_0_region_end_address__ = (__ospi_device_0_start__ + __ospi_device_0_region_max_size__)
                0x68000000                        __tz_OSPI_DEVICE_0_N = __ospi_device_0_non_retentive_end__
                0x70000000                        __tz_OSPI_DEVICE_1_S = ORIGIN (OSPI_DEVICE_1)

.OSPI_DEVICE_1  0x70000000        0x0
                0x70000000                        __ospi_device_1_start__ = .
 *(.ospi_device_1*)
 *(.code_in_ospi_device_1*)
                0x70000000                        __ospi_device_1_end__ = .
                0x00000000                        __ospi_device_1_code_size__ = (__ospi_device_1_end__ - __ospi_device_1_start__)
                0x00002e30                        __ospi_device_1_code_addr__ = (sgstubs_pre_location + (SIZEOF (.qspi_non_retentive) + SIZEOF (.ospi_device_0_non_retentive)))

.ospi_device_1_non_retentive
                0x70000000        0x0 load address 0x00002e30
                0x70000000                        __ospi_device_1_non_retentive_start__ = .
 *(.ospi_device_1_non_retentive*)
                0x70000000                        __ospi_device_1_non_retentive_end__ = .
                0x00000000                        __ospi_device_1_non_retentive_size__ = (__ospi_device_1_non_retentive_end__ - __ospi_device_1_non_retentive_start__)
                0x10000000                        __ospi_device_1_region_max_size__ = 0x10000000
                0x70000000                        __ospi_device_1_region_start_address__ = __ospi_device_1_start__
                0x80000000                        __ospi_device_1_region_end_address__ = (__ospi_device_1_start__ + __ospi_device_1_region_max_size__)
                0x70000000                        __tz_OSPI_DEVICE_1_N = __ospi_device_1_non_retentive_end__

.noinit         0x200001fc       0x1c
                0x200001fc                        . = ALIGN (0x4)
                0x200001fc                        __noinit_start = .
 *(.noinit*)
 .noinit        0x200001fc       0x1c ./ra/fsp/src/bsp/mcu/all/bsp_clocks.o
                0x20000218                        . = ALIGN (0x8)
 *(.heap.*)
                0x20000218                        __noinit_end = .

.bss            0x20000218      0x480
                0x20000218                        . = ALIGN (0x4)
                0x20000218                        __bss_start__ = .
 *(.bss*)
 .bss.completed.1
                0x20000218        0x1 /home/xenwithu/renesas/ra/e2studio_v2024-04_fsp_v5.4.0/toolchains/gcc_arm/arm-gnu-toolchain-13.2.Rel1-x86_64-arm-none-eabi/bin/../lib/gcc/arm-none-eabi/13.2.1/thumb/v8-m.main+fp/hard/crtbegin.o
 *fill*         0x20000219        0x3 
 .bss.object.0  0x2000021c       0x18 /home/xenwithu/renesas/ra/e2studio_v2024-04_fsp_v5.4.0/toolchains/gcc_arm/arm-gnu-toolchain-13.2.Rel1-x86_64-arm-none-eabi/bin/../lib/gcc/arm-none-eabi/13.2.1/thumb/v8-m.main+fp/hard/crtbegin.o
 .bss.MAX6675_data_values
                0x20000234        0x2 ./src/hal_entry.o
                0x20000234                MAX6675_data_values
 *fill*         0x20000236        0x2 
 .bss.write_buffer
                0x20000238       0xc8 ./src/hal_entry.o
                0x20000238                write_buffer
 .bss.g_MAX6675_complete
                0x20000300        0x1 ./src/hal_entry.o
 .bss.is_transfer_complete
                0x20000301        0x1 ./src/hal_entry.o
 *fill*         0x20000302        0x2 
 .bss.g_ioport_ctrl
                0x20000304        0x8 ./ra_gen/common_data.o
                0x20000304                g_ioport_ctrl
 .bss.g_uart0_ctrl
                0x2000030c       0x30 ./ra_gen/hal_data.o
                0x2000030c                g_uart0_ctrl
 .bss.g_spi0_ctrl
                0x2000033c       0x2c ./ra_gen/hal_data.o
                0x2000033c                g_spi0_ctrl
 .bss.g_transfer0_ctrl
                0x20000368        0x8 ./ra_gen/hal_data.o
                0x20000368                g_transfer0_ctrl
 .bss.g_transfer1_ctrl
                0x20000370        0x8 ./ra_gen/hal_data.o
                0x20000370                g_transfer1_ctrl
 .bss.tx_dummy.0
                0x20000378        0x1 ./ra/fsp/src/r_sci_spi/r_sci_spi.o
 .bss.g_dtc_state_initialized.0
                0x20000379        0x1 ./ra/fsp/src/r_dtc/r_dtc.o
 *fill*         0x2000037a        0x2 
 .bss.g_bsp_group_irq_sources
                0x2000037c       0x40 ./ra/fsp/src/bsp/mcu/all/bsp_group_irq.o
                0x2000037c                g_bsp_group_irq_sources
 .bss.g_protect_pfswe_counter
                0x200003bc        0x4 ./ra/fsp/src/bsp/mcu/all/bsp_io.o
                0x200003bc                g_protect_pfswe_counter
 .bss.gp_renesas_isr_context
                0x200003c0      0x180 ./ra/fsp/src/bsp/mcu/all/bsp_irq.o
                0x200003c0                gp_renesas_isr_context
 .bss.g_protect_counters
                0x20000540        0x8 ./ra/fsp/src/bsp/mcu/all/bsp_register_protection.o
                0x20000540                g_protect_counters
 .bss.current_heap_end.0
                0x20000548        0x4 ./ra/fsp/src/bsp/mcu/all/bsp_sbrk.o
 .bss.SystemCoreClock
                0x2000054c        0x4 ./ra/fsp/src/bsp/cmsis/Device/RENESAS/Source/system.o
                0x2000054c                SystemCoreClock
 .bss.__sf      0x20000550      0x138 /home/xenwithu/renesas/ra/e2studio_v2024-04_fsp_v5.4.0/toolchains/gcc_arm/arm-gnu-toolchain-13.2.Rel1-x86_64-arm-none-eabi/bin/../lib/gcc/arm-none-eabi/13.2.1/../../../../arm-none-eabi/lib/thumb/v8-m.main+fp/hard/libg_nano.a(libc_a-findfp.o)
                0x20000550                __sf
 .bss.__lock___malloc_recursive_mutex
                0x20000688        0x1 /home/xenwithu/renesas/ra/e2studio_v2024-04_fsp_v5.4.0/toolchains/gcc_arm/arm-gnu-toolchain-13.2.Rel1-x86_64-arm-none-eabi/bin/../lib/gcc/arm-none-eabi/13.2.1/../../../../arm-none-eabi/lib/thumb/v8-m.main+fp/hard/libg_nano.a(libc_a-lock.o)
                0x20000688                __lock___malloc_recursive_mutex
 *fill*         0x20000689        0x3 
 .bss.errno     0x2000068c        0x4 /home/xenwithu/renesas/ra/e2studio_v2024-04_fsp_v5.4.0/toolchains/gcc_arm/arm-gnu-toolchain-13.2.Rel1-x86_64-arm-none-eabi/bin/../lib/gcc/arm-none-eabi/13.2.1/../../../../arm-none-eabi/lib/thumb/v8-m.main+fp/hard/libg_nano.a(libc_a-reent.o)
                0x2000068c                errno
 .bss.__malloc_sbrk_start
                0x20000690        0x4 /home/xenwithu/renesas/ra/e2studio_v2024-04_fsp_v5.4.0/toolchains/gcc_arm/arm-gnu-toolchain-13.2.Rel1-x86_64-arm-none-eabi/bin/../lib/gcc/arm-none-eabi/13.2.1/../../../../arm-none-eabi/lib/thumb/v8-m.main+fp/hard/libg_nano.a(libc_a-mallocr.o)
                0x20000690                __malloc_sbrk_start
 .bss.__malloc_free_list
                0x20000694        0x4 /home/xenwithu/renesas/ra/e2studio_v2024-04_fsp_v5.4.0/toolchains/gcc_arm/arm-gnu-toolchain-13.2.Rel1-x86_64-arm-none-eabi/bin/../lib/gcc/arm-none-eabi/13.2.1/../../../../arm-none-eabi/lib/thumb/v8-m.main+fp/hard/libg_nano.a(libc_a-mallocr.o)
                0x20000694                __malloc_free_list
 *(COMMON)
                0x20000698                        . = ALIGN (0x4)
                0x20000698                        __bss_end__ = .

.heap           0x20000698        0x0
                0x20000698                        . = ALIGN (0x8)
                0x20000698                        __HeapBase = .
 *(.heap)
                0x20000698                        __HeapLimit = .

.stack_dummy    0x20000698      0x400
                0x20000698                        . = ALIGN (0x8)
                0x20000698                        __StackLimit = .
 *(.stack)
 .stack         0x20000698      0x400 ./ra/fsp/src/bsp/cmsis/Device/RENESAS/Source/startup.o
                0x20000a98                        __StackTop = .
 *(.stack*)
                0x20000a98                        __StackTopAll = .
                0x20000a98                        PROVIDE (__stack = __StackTopAll)
                0x20000a98                        __RAM_segment_used_end__ = ALIGN (__StackTopAll, 0x4)
                0x20000c00                        __tz_RAM_C = DEFINED (RAM_NSC_START)?ABSOLUTE ((RAM_NSC_START - RAM_NS_BUFFER_BLOCK_LENGTH)):__RESERVE_NS_RAM?ABSOLUTE (RAM_NS_BUFFER_BLOCK_START):ALIGN (__RAM_segment_used_end__, 0x400)
                0x20002000                        __tz_RAM_N = DEFINED (RAM_NS_START)?ABSOLUTE ((RAM_NS_START - RAM_NS_BUFFER_BLOCK_LENGTH)):__RESERVE_NS_RAM?ABSOLUTE (RAM_NS_BUFFER_BLOCK_START):ALIGN (__tz_RAM_C, 0x2000)

.ns_buffer      0x20000a98        0x0
                0x20000a98                        . = __RESERVE_NS_RAM?ABSOLUTE ((RAM_NS_BUFFER_START & 0xffffffe0)):.
 *(.ns_buffer*)

.data_flash     0x08000000        0x0
                0x08000000                        . = ORIGIN (DATA_FLASH)
                0x08000000                        __tz_DATA_FLASH_S = .
                0x08000000                        __Data_Flash_Start = .
 *(.data_flash*)
                0x08000000                        __Data_Flash_End = .
                0x08000000                        __tz_DATA_FLASH_N = DEFINED (DATA_FLASH_NS_START)?ABSOLUTE (DATA_FLASH_NS_START):__RESERVE_NS_RAM?ABSOLUTE ((DATA_FLASH_START + DATA_FLASH_LENGTH)):ALIGN (0x400)
                0x80010000                        __tz_SDRAM_S = ORIGIN (SDRAM)

.sdram          0x80010000        0x0
                0x80010000                        __SDRAM_Start = .
 *(.sdram*)
 *(.frame*)
                0x80010000                        __SDRAM_End = .
                0x80010000                        __tz_SDRAM_N = __SDRAM_End
                0x00000000                        __tz_ID_CODE_S = ORIGIN (ID_CODE)
                0x00000000                        __tz_ID_CODE_N = __tz_ID_CODE_S

.id_code        0x00000000        0x0
                0x00000000                        __ID_Code_Start = .
 *(.id_code*)
                0x00000000                        __ID_Code_End = .
                0x0100a100                        __tz_OPTION_SETTING_S = ORIGIN (OPTION_SETTING_OFS)

.option_setting_ofs
                0x0100a100       0x14
                0x0100a100                        __OPTION_SETTING_OFS_Start = .
 *(.option_setting_ofs0)
 .option_setting_ofs0
                0x0100a100        0x4 ./ra/fsp/src/bsp/mcu/all/bsp_rom_registers.o
                0x0100a104                        . = PROJECT_SECURE_OR_FLAT?(__OPTION_SETTING_OFS_Start + 0x4):__OPTION_SETTING_OFS_Start
 *(.option_setting_ofs2)
                0x0100a110                        . = PROJECT_SECURE_OR_FLAT?(__OPTION_SETTING_OFS_Start + 0x10):__OPTION_SETTING_OFS_Start
 *fill*         0x0100a104        0xc ff
 *(.option_setting_dualsel)
 .option_setting_dualsel
                0x0100a110        0x4 ./ra/fsp/src/bsp/mcu/all/bsp_rom_registers.o
                0x0100a114                        __OPTION_SETTING_OFS_End = .

.option_setting_sas
                0x0100a134        0x4
                0x0100a134                        __OPTION_SETTING_SAS_Start = .
 *(.option_setting_sas)
 .option_setting_sas
                0x0100a134        0x4 ./ra/fsp/src/bsp/mcu/all/bsp_rom_registers.o
                0x0100a138                        __OPTION_SETTING_SAS_End = .
                0x0100a180                        __tz_OPTION_SETTING_N = ABSOLUTE (OPTION_SETTING_START_NS)

.option_setting_ns
                0x0100a100        0x0
                0x0100a100                        __OPTION_SETTING_NS_Start = .
 *(.option_setting_ofs1)
                0x0100a100                        . = USE_OPTION_SETTING_NS?(__OPTION_SETTING_NS_Start + 0x4):__OPTION_SETTING_NS_Start
 *(.option_setting_ofs3)
                0x0100a100                        . = USE_OPTION_SETTING_NS?(__OPTION_SETTING_NS_Start + 0x10):__OPTION_SETTING_NS_Start
 *(.option_setting_banksel)
                0x0100a100                        . = USE_OPTION_SETTING_NS?(__OPTION_SETTING_NS_Start + 0x40):__OPTION_SETTING_NS_Start
 *(.option_setting_bps0)
                0x0100a100                        . = USE_OPTION_SETTING_NS?(__OPTION_SETTING_NS_Start + 0x44):__OPTION_SETTING_NS_Start
 *(.option_setting_bps1)
                0x0100a100                        . = USE_OPTION_SETTING_NS?(__OPTION_SETTING_NS_Start + 0x48):__OPTION_SETTING_NS_Start
 *(.option_setting_bps2)
                0x0100a100                        . = USE_OPTION_SETTING_NS?(__OPTION_SETTING_NS_Start + 0x4c):__OPTION_SETTING_NS_Start
 *(.option_setting_bps3)
                0x0100a100                        . = USE_OPTION_SETTING_NS?(__OPTION_SETTING_NS_Start + 0x60):__OPTION_SETTING_NS_Start
 *(.option_setting_pbps0)
                0x0100a100                        . = USE_OPTION_SETTING_NS?(__OPTION_SETTING_NS_Start + 0x64):__OPTION_SETTING_NS_Start
 *(.option_setting_pbps1)
                0x0100a100                        . = USE_OPTION_SETTING_NS?(__OPTION_SETTING_NS_Start + 0x68):__OPTION_SETTING_NS_Start
 *(.option_setting_pbps2)
                0x0100a100                        . = USE_OPTION_SETTING_NS?(__OPTION_SETTING_NS_Start + 0x6c):__OPTION_SETTING_NS_Start
 *(.option_setting_pbps3)
                0x0100a100                        __OPTION_SETTING_NS_End = .
                0x0100a200                        __tz_OPTION_SETTING_S_S = ORIGIN (OPTION_SETTING_S)

.option_setting_s
                0x0100a200       0xd0
                0x0100a200                        __OPTION_SETTING_S_Start = .
 *(.option_setting_ofs1_sec)
 .option_setting_ofs1_sec
                0x0100a200        0x4 ./ra/fsp/src/bsp/mcu/all/bsp_rom_registers.o
                0x0100a204                        . = PROJECT_SECURE_OR_FLAT?(__OPTION_SETTING_S_Start + 0x4):__OPTION_SETTING_S_Start
 *(.option_setting_ofs3_sec)
                0x0100a210                        . = PROJECT_SECURE_OR_FLAT?(__OPTION_SETTING_S_Start + 0x10):__OPTION_SETTING_S_Start
 *fill*         0x0100a204        0xc ff
 *(.option_setting_banksel_sec)
 .option_setting_banksel_sec
                0x0100a210        0x4 ./ra/fsp/src/bsp/mcu/all/bsp_rom_registers.o
                0x0100a240                        . = PROJECT_SECURE_OR_FLAT?(__OPTION_SETTING_S_Start + 0x40):__OPTION_SETTING_S_Start
 *fill*         0x0100a214       0x2c ff
 *(.option_setting_bps_sec0)
 .option_setting_bps_sec0
                0x0100a240        0x4 ./ra/fsp/src/bsp/mcu/all/bsp_rom_registers.o
                0x0100a244                        . = PROJECT_SECURE_OR_FLAT?(__OPTION_SETTING_S_Start + 0x44):__OPTION_SETTING_S_Start
 *(.option_setting_bps_sec1)
 .option_setting_bps_sec1
                0x0100a244        0x4 ./ra/fsp/src/bsp/mcu/all/bsp_rom_registers.o
                0x0100a248                        . = PROJECT_SECURE_OR_FLAT?(__OPTION_SETTING_S_Start + 0x48):__OPTION_SETTING_S_Start
 *(.option_setting_bps_sec2)
 .option_setting_bps_sec2
                0x0100a248        0x4 ./ra/fsp/src/bsp/mcu/all/bsp_rom_registers.o
                0x0100a24c                        . = PROJECT_SECURE_OR_FLAT?(__OPTION_SETTING_S_Start + 0x4c):__OPTION_SETTING_S_Start
 *(.option_setting_bps_sec3)
 .option_setting_bps_sec3
                0x0100a24c        0x4 ./ra/fsp/src/bsp/mcu/all/bsp_rom_registers.o
                0x0100a260                        . = PROJECT_SECURE_OR_FLAT?(__OPTION_SETTING_S_Start + 0x60):__OPTION_SETTING_S_Start
 *fill*         0x0100a250       0x10 ff
 *(.option_setting_pbps_sec0)
 .option_setting_pbps_sec0
                0x0100a260        0x4 ./ra/fsp/src/bsp/mcu/all/bsp_rom_registers.o
                0x0100a264                        . = PROJECT_SECURE_OR_FLAT?(__OPTION_SETTING_S_Start + 0x64):__OPTION_SETTING_S_Start
 *(.option_setting_pbps_sec1)
 .option_setting_pbps_sec1
                0x0100a264        0x4 ./ra/fsp/src/bsp/mcu/all/bsp_rom_registers.o
                0x0100a268                        . = PROJECT_SECURE_OR_FLAT?(__OPTION_SETTING_S_Start + 0x68):__OPTION_SETTING_S_Start
 *(.option_setting_pbps_sec2)
 .option_setting_pbps_sec2
                0x0100a268        0x4 ./ra/fsp/src/bsp/mcu/all/bsp_rom_registers.o
                0x0100a26c                        . = PROJECT_SECURE_OR_FLAT?(__OPTION_SETTING_S_Start + 0x6c):__OPTION_SETTING_S_Start
 *(.option_setting_pbps_sec3)
 .option_setting_pbps_sec3
                0x0100a26c        0x4 ./ra/fsp/src/bsp/mcu/all/bsp_rom_registers.o
                0x0100a280                        . = PROJECT_SECURE_OR_FLAT?(__OPTION_SETTING_S_Start + 0x80):__OPTION_SETTING_S_Start
 *fill*         0x0100a270       0x10 ff
 *(.option_setting_ofs1_sel)
 .option_setting_ofs1_sel
                0x0100a280        0x4 ./ra/fsp/src/bsp/mcu/all/bsp_rom_registers.o
                0x0100a284                        . = PROJECT_SECURE_OR_FLAT?(__OPTION_SETTING_S_Start + 0x84):__OPTION_SETTING_S_Start
 *(.option_setting_ofs3_sel)
                0x0100a290                        . = PROJECT_SECURE_OR_FLAT?(__OPTION_SETTING_S_Start + 0x90):__OPTION_SETTING_S_Start
 *fill*         0x0100a284        0xc ff
 *(.option_setting_banksel_sel)
 .option_setting_banksel_sel
                0x0100a290        0x4 ./ra/fsp/src/bsp/mcu/all/bsp_rom_registers.o
                0x0100a2c0                        . = PROJECT_SECURE_OR_FLAT?(__OPTION_SETTING_S_Start + 0xc0):__OPTION_SETTING_S_Start
 *fill*         0x0100a294       0x2c ff
 *(.option_setting_bps_sel0)
 .option_setting_bps_sel0
                0x0100a2c0        0x4 ./ra/fsp/src/bsp/mcu/all/bsp_rom_registers.o
                0x0100a2c4                        . = PROJECT_SECURE_OR_FLAT?(__OPTION_SETTING_S_Start + 0xc4):__OPTION_SETTING_S_Start
 *(.option_setting_bps_sel1)
 .option_setting_bps_sel1
                0x0100a2c4        0x4 ./ra/fsp/src/bsp/mcu/all/bsp_rom_registers.o
                0x0100a2c8                        . = PROJECT_SECURE_OR_FLAT?(__OPTION_SETTING_S_Start + 0xc8):__OPTION_SETTING_S_Start
 *(.option_setting_bps_sel2)
 .option_setting_bps_sel2
                0x0100a2c8        0x4 ./ra/fsp/src/bsp/mcu/all/bsp_rom_registers.o
                0x0100a2cc                        . = PROJECT_SECURE_OR_FLAT?(__OPTION_SETTING_S_Start + 0xcc):__OPTION_SETTING_S_Start
 *(.option_setting_bps_sel3)
 .option_setting_bps_sel3
                0x0100a2cc        0x4 ./ra/fsp/src/bsp/mcu/all/bsp_rom_registers.o
                0x0100a2d0                        __OPTION_SETTING_S_End = .
                0x0100a2d0                        __tz_OPTION_SETTING_S_N = __OPTION_SETTING_S_End
OUTPUT(Day4_Temperature_Basic.elf elf32-littlearm)
LOAD linker stubs

.rel.dyn        0x0100a2d0        0x0
 .rel.iplt      0x0100a2d0        0x0 /home/xenwithu/renesas/ra/e2studio_v2024-04_fsp_v5.4.0/toolchains/gcc_arm/arm-gnu-toolchain-13.2.Rel1-x86_64-arm-none-eabi/bin/../lib/gcc/arm-none-eabi/13.2.1/thumb/v8-m.main+fp/hard/crtbegin.o

.ARM.attributes
                0x00000000       0x36
 .ARM.attributes
                0x00000000       0x26 /home/xenwithu/renesas/ra/e2studio_v2024-04_fsp_v5.4.0/toolchains/gcc_arm/arm-gnu-toolchain-13.2.Rel1-x86_64-arm-none-eabi/bin/../lib/gcc/arm-none-eabi/13.2.1/thumb/v8-m.main+fp/hard/crti.o
 .ARM.attributes
                0x00000026       0x38 /home/xenwithu/renesas/ra/e2studio_v2024-04_fsp_v5.4.0/toolchains/gcc_arm/arm-gnu-toolchain-13.2.Rel1-x86_64-arm-none-eabi/bin/../lib/gcc/arm-none-eabi/13.2.1/thumb/v8-m.main+fp/hard/crtbegin.o
 .ARM.attributes
                0x0000005e       0x3a ./src/hal_entry.o
 .ARM.attributes
                0x00000098       0x3a ./ra_gen/common_data.o
 .ARM.attributes
                0x000000d2       0x3a ./ra_gen/hal_data.o
 .ARM.attributes
                0x0000010c       0x3a ./ra_gen/main.o
 .ARM.attributes
                0x00000146       0x3a ./ra_gen/pin_data.o
 .ARM.attributes
                0x00000180       0x3a ./ra_gen/vector_data.o
 .ARM.attributes
                0x000001ba       0x3a ./ra/fsp/src/r_sci_uart/r_sci_uart.o
 .ARM.attributes
                0x000001f4       0x3a ./ra/fsp/src/r_sci_spi/r_sci_spi.o
 .ARM.attributes
                0x0000022e       0x3a ./ra/fsp/src/r_ioport/r_ioport.o
 .ARM.attributes
                0x00000268       0x3a ./ra/fsp/src/r_dtc/r_dtc.o
 .ARM.attributes
                0x000002a2       0x3a ./ra/fsp/src/bsp/mcu/all/bsp_clocks.o
 .ARM.attributes
                0x000002dc       0x3a ./ra/fsp/src/bsp/mcu/all/bsp_common.o
 .ARM.attributes
                0x00000316       0x3a ./ra/fsp/src/bsp/mcu/all/bsp_delay.o
 .ARM.attributes
                0x00000350       0x3a ./ra/fsp/src/bsp/mcu/all/bsp_group_irq.o
 .ARM.attributes
                0x0000038a       0x3a ./ra/fsp/src/bsp/mcu/all/bsp_io.o
 .ARM.attributes
                0x000003c4       0x3a ./ra/fsp/src/bsp/mcu/all/bsp_irq.o
 .ARM.attributes
                0x000003fe       0x3a ./ra/fsp/src/bsp/mcu/all/bsp_register_protection.o
 .ARM.attributes
                0x00000438       0x3a ./ra/fsp/src/bsp/mcu/all/bsp_rom_registers.o
 .ARM.attributes
                0x00000472       0x3a ./ra/fsp/src/bsp/mcu/all/bsp_sbrk.o
 .ARM.attributes
                0x000004ac       0x3a ./ra/fsp/src/bsp/cmsis/Device/RENESAS/Source/startup.o
 .ARM.attributes
                0x000004e6       0x3a ./ra/fsp/src/bsp/cmsis/Device/RENESAS/Source/system.o
 .ARM.attributes
                0x00000520       0x3a ./ra/board/ra6m5_ck/board_init.o
 .ARM.attributes
                0x0000055a       0x26 /home/xenwithu/renesas/ra/e2studio_v2024-04_fsp_v5.4.0/toolchains/gcc_arm/arm-gnu-toolchain-13.2.Rel1-x86_64-arm-none-eabi/bin/../lib/gcc/arm-none-eabi/13.2.1/thumb/v8-m.main+fp/hard/libgcc.a(_arm_muldf3.o)
 .ARM.attributes
                0x00000580       0x26 /home/xenwithu/renesas/ra/e2studio_v2024-04_fsp_v5.4.0/toolchains/gcc_arm/arm-gnu-toolchain-13.2.Rel1-x86_64-arm-none-eabi/bin/../lib/gcc/arm-none-eabi/13.2.1/thumb/v8-m.main+fp/hard/libgcc.a(_arm_addsubdf3.o)
 .ARM.attributes
                0x000005a6       0x26 /home/xenwithu/renesas/ra/e2studio_v2024-04_fsp_v5.4.0/toolchains/gcc_arm/arm-gnu-toolchain-13.2.Rel1-x86_64-arm-none-eabi/bin/../lib/gcc/arm-none-eabi/13.2.1/thumb/v8-m.main+fp/hard/libgcc.a(_arm_truncdfsf2.o)
 .ARM.attributes
                0x000005cc       0x38 /home/xenwithu/renesas/ra/e2studio_v2024-04_fsp_v5.4.0/toolchains/gcc_arm/arm-gnu-toolchain-13.2.Rel1-x86_64-arm-none-eabi/bin/../lib/gcc/arm-none-eabi/13.2.1/../../../../arm-none-eabi/lib/thumb/v8-m.main+fp/hard/libg_nano.a(libc_a-memcpy-stub.o)
 .ARM.attributes
                0x00000604       0x38 /home/xenwithu/renesas/ra/e2studio_v2024-04_fsp_v5.4.0/toolchains/gcc_arm/arm-gnu-toolchain-13.2.Rel1-x86_64-arm-none-eabi/bin/../lib/gcc/arm-none-eabi/13.2.1/../../../../arm-none-eabi/lib/thumb/v8-m.main+fp/hard/libg_nano.a(libc_a-findfp.o)
 .ARM.attributes
                0x0000063c       0x24 /home/xenwithu/renesas/ra/e2studio_v2024-04_fsp_v5.4.0/toolchains/gcc_arm/arm-gnu-toolchain-13.2.Rel1-x86_64-arm-none-eabi/bin/../lib/gcc/arm-none-eabi/13.2.1/../../../../arm-none-eabi/lib/thumb/v8-m.main+fp/hard/libg_nano.a(libc_a-strlen.o)
 .ARM.attributes
                0x00000660       0x38 /home/xenwithu/renesas/ra/e2studio_v2024-04_fsp_v5.4.0/toolchains/gcc_arm/arm-gnu-toolchain-13.2.Rel1-x86_64-arm-none-eabi/bin/../lib/gcc/arm-none-eabi/13.2.1/../../../../arm-none-eabi/lib/thumb/v8-m.main+fp/hard/libg_nano.a(libc_a-sprintf.o)
 .ARM.attributes
                0x00000698       0x38 /home/xenwithu/renesas/ra/e2studio_v2024-04_fsp_v5.4.0/toolchains/gcc_arm/arm-gnu-toolchain-13.2.Rel1-x86_64-arm-none-eabi/bin/../lib/gcc/arm-none-eabi/13.2.1/../../../../arm-none-eabi/lib/thumb/v8-m.main+fp/hard/libg_nano.a(libc_a-errno.o)
 .ARM.attributes
                0x000006d0       0x38 /home/xenwithu/renesas/ra/e2studio_v2024-04_fsp_v5.4.0/toolchains/gcc_arm/arm-gnu-toolchain-13.2.Rel1-x86_64-arm-none-eabi/bin/../lib/gcc/arm-none-eabi/13.2.1/../../../../arm-none-eabi/lib/thumb/v8-m.main+fp/hard/libg_nano.a(libc_a-memset.o)
 .ARM.attributes
                0x00000708       0x38 /home/xenwithu/renesas/ra/e2studio_v2024-04_fsp_v5.4.0/toolchains/gcc_arm/arm-gnu-toolchain-13.2.Rel1-x86_64-arm-none-eabi/bin/../lib/gcc/arm-none-eabi/13.2.1/../../../../arm-none-eabi/lib/thumb/v8-m.main+fp/hard/libg_nano.a(libc_a-lock.o)
 .ARM.attributes
                0x00000740       0x38 /home/xenwithu/renesas/ra/e2studio_v2024-04_fsp_v5.4.0/toolchains/gcc_arm/arm-gnu-toolchain-13.2.Rel1-x86_64-arm-none-eabi/bin/../lib/gcc/arm-none-eabi/13.2.1/../../../../arm-none-eabi/lib/thumb/v8-m.main+fp/hard/libg_nano.a(libc_a-nano-svfprintf.o)
 .ARM.attributes
                0x00000778       0x38 /home/xenwithu/renesas/ra/e2studio_v2024-04_fsp_v5.4.0/toolchains/gcc_arm/arm-gnu-toolchain-13.2.Rel1-x86_64-arm-none-eabi/bin/../lib/gcc/arm-none-eabi/13.2.1/../../../../arm-none-eabi/lib/thumb/v8-m.main+fp/hard/libg_nano.a(libc_a-nano-vfprintf_i.o)
 .ARM.attributes
                0x000007b0       0x38 /home/xenwithu/renesas/ra/e2studio_v2024-04_fsp_v5.4.0/toolchains/gcc_arm/arm-gnu-toolchain-13.2.Rel1-x86_64-arm-none-eabi/bin/../lib/gcc/arm-none-eabi/13.2.1/../../../../arm-none-eabi/lib/thumb/v8-m.main+fp/hard/libg_nano.a(libc_a-reent.o)
 .ARM.attributes
                0x000007e8       0x38 /home/xenwithu/renesas/ra/e2studio_v2024-04_fsp_v5.4.0/toolchains/gcc_arm/arm-gnu-toolchain-13.2.Rel1-x86_64-arm-none-eabi/bin/../lib/gcc/arm-none-eabi/13.2.1/../../../../arm-none-eabi/lib/thumb/v8-m.main+fp/hard/libg_nano.a(libc_a-impure.o)
 .ARM.attributes
                0x00000820       0x38 /home/xenwithu/renesas/ra/e2studio_v2024-04_fsp_v5.4.0/toolchains/gcc_arm/arm-gnu-toolchain-13.2.Rel1-x86_64-arm-none-eabi/bin/../lib/gcc/arm-none-eabi/13.2.1/../../../../arm-none-eabi/lib/thumb/v8-m.main+fp/hard/libg_nano.a(libc_a-memchr-stub.o)
 .ARM.attributes
                0x00000858       0x38 /home/xenwithu/renesas/ra/e2studio_v2024-04_fsp_v5.4.0/toolchains/gcc_arm/arm-gnu-toolchain-13.2.Rel1-x86_64-arm-none-eabi/bin/../lib/gcc/arm-none-eabi/13.2.1/../../../../arm-none-eabi/lib/thumb/v8-m.main+fp/hard/libg_nano.a(libc_a-mallocr.o)
 .ARM.attributes
                0x00000890       0x38 /home/xenwithu/renesas/ra/e2studio_v2024-04_fsp_v5.4.0/toolchains/gcc_arm/arm-gnu-toolchain-13.2.Rel1-x86_64-arm-none-eabi/bin/../lib/gcc/arm-none-eabi/13.2.1/../../../../arm-none-eabi/lib/thumb/v8-m.main+fp/hard/libg_nano.a(libc_a-mlock.o)
 .ARM.attributes
                0x000008c8       0x38 /home/xenwithu/renesas/ra/e2studio_v2024-04_fsp_v5.4.0/toolchains/gcc_arm/arm-gnu-toolchain-13.2.Rel1-x86_64-arm-none-eabi/bin/../lib/gcc/arm-none-eabi/13.2.1/../../../../arm-none-eabi/lib/thumb/v8-m.main+fp/hard/libg_nano.a(libc_a-sbrkr.o)
 .ARM.attributes
                0x00000900       0x38 /home/xenwithu/renesas/ra/e2studio_v2024-04_fsp_v5.4.0/toolchains/gcc_arm/arm-gnu-toolchain-13.2.Rel1-x86_64-arm-none-eabi/bin/../lib/gcc/arm-none-eabi/13.2.1/../../../../arm-none-eabi/lib/thumb/v8-m.main+fp/hard/libg_nano.a(libc_a-memmove.o)
 .ARM.attributes
                0x00000938       0x38 /home/xenwithu/renesas/ra/e2studio_v2024-04_fsp_v5.4.0/toolchains/gcc_arm/arm-gnu-toolchain-13.2.Rel1-x86_64-arm-none-eabi/bin/../lib/gcc/arm-none-eabi/13.2.1/../../../../arm-none-eabi/lib/thumb/v8-m.main+fp/hard/libg_nano.a(libc_a-reallocr.o)
 .ARM.attributes
                0x00000970       0x38 /home/xenwithu/renesas/ra/e2studio_v2024-04_fsp_v5.4.0/toolchains/gcc_arm/arm-gnu-toolchain-13.2.Rel1-x86_64-arm-none-eabi/bin/../lib/gcc/arm-none-eabi/13.2.1/../../../../arm-none-eabi/lib/thumb/v8-m.main+fp/hard/libg_nano.a(libc_a-freer.o)
 .ARM.attributes
                0x000009a8       0x38 /home/xenwithu/renesas/ra/e2studio_v2024-04_fsp_v5.4.0/toolchains/gcc_arm/arm-gnu-toolchain-13.2.Rel1-x86_64-arm-none-eabi/bin/../lib/gcc/arm-none-eabi/13.2.1/../../../../arm-none-eabi/lib/thumb/v8-m.main+fp/hard/libg_nano.a(libc_a-msizer.o)
 .ARM.attributes
                0x000009e0       0x38 /home/xenwithu/renesas/ra/e2studio_v2024-04_fsp_v5.4.0/toolchains/gcc_arm/arm-gnu-toolchain-13.2.Rel1-x86_64-arm-none-eabi/bin/../lib/gcc/arm-none-eabi/13.2.1/thumb/v8-m.main+fp/hard/crtend.o
 .ARM.attributes
                0x00000a18       0x26 /home/xenwithu/renesas/ra/e2studio_v2024-04_fsp_v5.4.0/toolchains/gcc_arm/arm-gnu-toolchain-13.2.Rel1-x86_64-arm-none-eabi/bin/../lib/gcc/arm-none-eabi/13.2.1/thumb/v8-m.main+fp/hard/crtn.o

.comment        0x00000000       0x44
 .comment       0x00000000       0x44 ./src/hal_entry.o
                                 0x45 (size before relaxing)
 .comment       0x00000044       0x45 ./ra_gen/common_data.o
 .comment       0x00000044       0x45 ./ra_gen/hal_data.o
 .comment       0x00000044       0x45 ./ra_gen/main.o
 .comment       0x00000044       0x45 ./ra_gen/pin_data.o
 .comment       0x00000044       0x45 ./ra_gen/vector_data.o
 .comment       0x00000044       0x45 ./ra/fsp/src/r_sci_uart/r_sci_uart.o
 .comment       0x00000044       0x45 ./ra/fsp/src/r_sci_spi/r_sci_spi.o
 .comment       0x00000044       0x45 ./ra/fsp/src/r_ioport/r_ioport.o
 .comment       0x00000044       0x45 ./ra/fsp/src/r_dtc/r_dtc.o
 .comment       0x00000044       0x45 ./ra/fsp/src/bsp/mcu/all/bsp_clocks.o
 .comment       0x00000044       0x45 ./ra/fsp/src/bsp/mcu/all/bsp_common.o
 .comment       0x00000044       0x45 ./ra/fsp/src/bsp/mcu/all/bsp_delay.o
 .comment       0x00000044       0x45 ./ra/fsp/src/bsp/mcu/all/bsp_group_irq.o
 .comment       0x00000044       0x45 ./ra/fsp/src/bsp/mcu/all/bsp_io.o
 .comment       0x00000044       0x45 ./ra/fsp/src/bsp/mcu/all/bsp_irq.o
 .comment       0x00000044       0x45 ./ra/fsp/src/bsp/mcu/all/bsp_register_protection.o
 .comment       0x00000044       0x45 ./ra/fsp/src/bsp/mcu/all/bsp_rom_registers.o
 .comment       0x00000044       0x45 ./ra/fsp/src/bsp/mcu/all/bsp_sbrk.o
 .comment       0x00000044       0x45 ./ra/fsp/src/bsp/cmsis/Device/RENESAS/Source/startup.o
 .comment       0x00000044       0x45 ./ra/fsp/src/bsp/cmsis/Device/RENESAS/Source/system.o
 .comment       0x00000044       0x45 ./ra/board/ra6m5_ck/board_init.o

.debug_info     0x00000000    0x33a9b
 .debug_info    0x00000000     0x3714 ./src/hal_entry.o
 .debug_info    0x00003714     0x121f ./ra_gen/common_data.o
 .debug_info    0x00004933     0x3994 ./ra_gen/hal_data.o
 .debug_info    0x000082c7       0xaa ./ra_gen/main.o
 .debug_info    0x00008371      0xa21 ./ra_gen/pin_data.o
 .debug_info    0x00008d92      0x895 ./ra_gen/vector_data.o
 .debug_info    0x00009627     0x9bf9 ./ra/fsp/src/r_sci_uart/r_sci_uart.o
 .debug_info    0x00013220     0x91ea ./ra/fsp/src/r_sci_spi/r_sci_spi.o
 .debug_info    0x0001c40a     0x65a8 ./ra/fsp/src/r_ioport/r_ioport.o
 .debug_info    0x000229b2     0x2daf ./ra/fsp/src/r_dtc/r_dtc.o
 .debug_info    0x00025761     0x566e ./ra/fsp/src/bsp/mcu/all/bsp_clocks.o
 .debug_info    0x0002adcf      0x93b ./ra/fsp/src/bsp/mcu/all/bsp_common.o
 .debug_info    0x0002b70a      0x1e2 ./ra/fsp/src/bsp/mcu/all/bsp_delay.o
 .debug_info    0x0002b8ec     0x132f ./ra/fsp/src/bsp/mcu/all/bsp_group_irq.o
 .debug_info    0x0002cc1b       0xb2 ./ra/fsp/src/bsp/mcu/all/bsp_io.o
 .debug_info    0x0002cccd     0x1f97 ./ra/fsp/src/bsp/mcu/all/bsp_irq.o
 .debug_info    0x0002ec64     0x390c ./ra/fsp/src/bsp/mcu/all/bsp_register_protection.o
 .debug_info    0x00032570      0x1da ./ra/fsp/src/bsp/mcu/all/bsp_rom_registers.o
 .debug_info    0x0003274a      0x142 ./ra/fsp/src/bsp/mcu/all/bsp_sbrk.o
 .debug_info    0x0003288c      0x168 ./ra/fsp/src/bsp/cmsis/Device/RENESAS/Source/startup.o
 .debug_info    0x000329f4     0x1002 ./ra/fsp/src/bsp/cmsis/Device/RENESAS/Source/system.o
 .debug_info    0x000339f6       0xa5 ./ra/board/ra6m5_ck/board_init.o

.debug_abbrev   0x00000000     0x336d
 .debug_abbrev  0x00000000      0x439 ./src/hal_entry.o
 .debug_abbrev  0x00000439      0x133 ./ra_gen/common_data.o
 .debug_abbrev  0x0000056c      0x2a9 ./ra_gen/hal_data.o
 .debug_abbrev  0x00000815       0x61 ./ra_gen/main.o
 .debug_abbrev  0x00000876       0xff ./ra_gen/pin_data.o
 .debug_abbrev  0x00000975       0xbd ./ra_gen/vector_data.o
 .debug_abbrev  0x00000a32      0x5e5 ./ra/fsp/src/r_sci_uart/r_sci_uart.o
 .debug_abbrev  0x00001017      0x649 ./ra/fsp/src/r_sci_spi/r_sci_spi.o
 .debug_abbrev  0x00001660      0x490 ./ra/fsp/src/r_ioport/r_ioport.o
 .debug_abbrev  0x00001af0      0x50a ./ra/fsp/src/r_dtc/r_dtc.o
 .debug_abbrev  0x00001ffa      0x3cf ./ra/fsp/src/bsp/mcu/all/bsp_clocks.o
 .debug_abbrev  0x000023c9      0x188 ./ra/fsp/src/bsp/mcu/all/bsp_common.o
 .debug_abbrev  0x00002551      0x113 ./ra/fsp/src/bsp/mcu/all/bsp_delay.o
 .debug_abbrev  0x00002664      0x256 ./ra/fsp/src/bsp/mcu/all/bsp_group_irq.o
 .debug_abbrev  0x000028ba       0x5e ./ra/fsp/src/bsp/mcu/all/bsp_io.o
 .debug_abbrev  0x00002918      0x28a ./ra/fsp/src/bsp/mcu/all/bsp_irq.o
 .debug_abbrev  0x00002ba2      0x27d ./ra/fsp/src/bsp/mcu/all/bsp_register_protection.o
 .debug_abbrev  0x00002e1f       0x4e ./ra/fsp/src/bsp/mcu/all/bsp_rom_registers.o
 .debug_abbrev  0x00002e6d       0xce ./ra/fsp/src/bsp/mcu/all/bsp_sbrk.o
 .debug_abbrev  0x00002f3b       0xf5 ./ra/fsp/src/bsp/cmsis/Device/RENESAS/Source/startup.o
 .debug_abbrev  0x00003030      0x2e2 ./ra/fsp/src/bsp/cmsis/Device/RENESAS/Source/system.o
 .debug_abbrev  0x00003312       0x5b ./ra/board/ra6m5_ck/board_init.o

.debug_loclists
                0x00000000     0x2f02
 .debug_loclists
                0x00000000       0xc6 ./src/hal_entry.o
 .debug_loclists
                0x000000c6      0xe1c ./ra/fsp/src/r_sci_uart/r_sci_uart.o
 .debug_loclists
                0x00000ee2      0xdf7 ./ra/fsp/src/r_sci_spi/r_sci_spi.o
 .debug_loclists
                0x00001cd9      0x7a3 ./ra/fsp/src/r_ioport/r_ioport.o
 .debug_loclists
                0x0000247c      0x435 ./ra/fsp/src/r_dtc/r_dtc.o
 .debug_loclists
                0x000028b1      0x208 ./ra/fsp/src/bsp/mcu/all/bsp_clocks.o
 .debug_loclists
                0x00002ab9       0x20 ./ra/fsp/src/bsp/mcu/all/bsp_common.o
 .debug_loclists
                0x00002ad9      0x11c ./ra/fsp/src/bsp/mcu/all/bsp_delay.o
 .debug_loclists
                0x00002bf5       0x73 ./ra/fsp/src/bsp/mcu/all/bsp_group_irq.o
 .debug_loclists
                0x00002c68       0xad ./ra/fsp/src/bsp/mcu/all/bsp_irq.o
 .debug_loclists
                0x00002d15       0xa7 ./ra/fsp/src/bsp/mcu/all/bsp_register_protection.o
 .debug_loclists
                0x00002dbc       0xbd ./ra/fsp/src/bsp/mcu/all/bsp_sbrk.o
 .debug_loclists
                0x00002e79       0x89 ./ra/fsp/src/bsp/cmsis/Device/RENESAS/Source/system.o

.debug_aranges  0x00000000      0x4d0
 .debug_aranges
                0x00000000       0x48 ./src/hal_entry.o
 .debug_aranges
                0x00000048       0x20 ./ra_gen/common_data.o
 .debug_aranges
                0x00000068       0x20 ./ra_gen/hal_data.o
 .debug_aranges
                0x00000088       0x20 ./ra_gen/main.o
 .debug_aranges
                0x000000a8       0x18 ./ra_gen/pin_data.o
 .debug_aranges
                0x000000c0       0x18 ./ra_gen/vector_data.o
 .debug_aranges
                0x000000d8       0x90 ./ra/fsp/src/r_sci_uart/r_sci_uart.o
 .debug_aranges
                0x00000168       0x80 ./ra/fsp/src/r_sci_spi/r_sci_spi.o
 .debug_aranges
                0x000001e8       0x90 ./ra/fsp/src/r_ioport/r_ioport.o
 .debug_aranges
                0x00000278       0x70 ./ra/fsp/src/r_dtc/r_dtc.o
 .debug_aranges
                0x000002e8       0x60 ./ra/fsp/src/bsp/mcu/all/bsp_clocks.o
 .debug_aranges
                0x00000348       0x30 ./ra/fsp/src/bsp/mcu/all/bsp_common.o
 .debug_aranges
                0x00000378       0x28 ./ra/fsp/src/bsp/mcu/all/bsp_delay.o
 .debug_aranges
                0x000003a0       0x28 ./ra/fsp/src/bsp/mcu/all/bsp_group_irq.o
 .debug_aranges
                0x000003c8       0x18 ./ra/fsp/src/bsp/mcu/all/bsp_io.o
 .debug_aranges
                0x000003e0       0x20 ./ra/fsp/src/bsp/mcu/all/bsp_irq.o
 .debug_aranges
                0x00000400       0x28 ./ra/fsp/src/bsp/mcu/all/bsp_register_protection.o
 .debug_aranges
                0x00000428       0x18 ./ra/fsp/src/bsp/mcu/all/bsp_rom_registers.o
 .debug_aranges
                0x00000440       0x20 ./ra/fsp/src/bsp/mcu/all/bsp_sbrk.o
 .debug_aranges
                0x00000460       0x28 ./ra/fsp/src/bsp/cmsis/Device/RENESAS/Source/startup.o
 .debug_aranges
                0x00000488       0x28 ./ra/fsp/src/bsp/cmsis/Device/RENESAS/Source/system.o
 .debug_aranges
                0x000004b0       0x20 ./ra/board/ra6m5_ck/board_init.o

.debug_rnglists
                0x00000000      0x937
 .debug_rnglists
                0x00000000       0x57 ./src/hal_entry.o
 .debug_rnglists
                0x00000057       0x13 ./ra_gen/common_data.o
 .debug_rnglists
                0x0000006a       0x13 ./ra_gen/hal_data.o
 .debug_rnglists
                0x0000007d       0x13 ./ra_gen/main.o
 .debug_rnglists
                0x00000090      0x26c ./ra/fsp/src/r_sci_uart/r_sci_uart.o
 .debug_rnglists
                0x000002fc      0x261 ./ra/fsp/src/r_sci_spi/r_sci_spi.o
 .debug_rnglists
                0x0000055d       0xbc ./ra/fsp/src/r_ioport/r_ioport.o
 .debug_rnglists
                0x00000619       0xfb ./ra/fsp/src/r_dtc/r_dtc.o
 .debug_rnglists
                0x00000714       0xc8 ./ra/fsp/src/bsp/mcu/all/bsp_clocks.o
 .debug_rnglists
                0x000007dc       0x1f ./ra/fsp/src/bsp/mcu/all/bsp_common.o
 .debug_rnglists
                0x000007fb       0x2e ./ra/fsp/src/bsp/mcu/all/bsp_delay.o
 .debug_rnglists
                0x00000829       0x37 ./ra/fsp/src/bsp/mcu/all/bsp_group_irq.o
 .debug_rnglists
                0x00000860       0x41 ./ra/fsp/src/bsp/mcu/all/bsp_irq.o
 .debug_rnglists
                0x000008a1       0x31 ./ra/fsp/src/bsp/mcu/all/bsp_register_protection.o
 .debug_rnglists
                0x000008d2       0x13 ./ra/fsp/src/bsp/mcu/all/bsp_sbrk.o
 .debug_rnglists
                0x000008e5       0x19 ./ra/fsp/src/bsp/cmsis/Device/RENESAS/Source/startup.o
 .debug_rnglists
                0x000008fe       0x26 ./ra/fsp/src/bsp/cmsis/Device/RENESAS/Source/system.o
 .debug_rnglists
                0x00000924       0x13 ./ra/board/ra6m5_ck/board_init.o

.debug_line     0x00000000     0x8625
 .debug_line    0x00000000      0x7c9 ./src/hal_entry.o
 .debug_line    0x000007c9      0x33d ./ra_gen/common_data.o
 .debug_line    0x00000b06      0x3c3 ./ra_gen/hal_data.o
 .debug_line    0x00000ec9       0x5e ./ra_gen/main.o
 .debug_line    0x00000f27      0x2a7 ./ra_gen/pin_data.o
 .debug_line    0x000011ce      0x17d ./ra_gen/vector_data.o
 .debug_line    0x0000134b     0x19e0 ./ra/fsp/src/r_sci_uart/r_sci_uart.o
 .debug_line    0x00002d2b     0x152d ./ra/fsp/src/r_sci_spi/r_sci_spi.o
 .debug_line    0x00004258      0xb6e ./ra/fsp/src/r_ioport/r_ioport.o
 .debug_line    0x00004dc6      0xaf6 ./ra/fsp/src/r_dtc/r_dtc.o
 .debug_line    0x000058bc      0x8d5 ./ra/fsp/src/bsp/mcu/all/bsp_clocks.o
 .debug_line    0x00006191      0x350 ./ra/fsp/src/bsp/mcu/all/bsp_common.o
 .debug_line    0x000064e1      0x343 ./ra/fsp/src/bsp/mcu/all/bsp_delay.o
 .debug_line    0x00006824      0x3af ./ra/fsp/src/bsp/mcu/all/bsp_group_irq.o
 .debug_line    0x00006bd3      0x1fd ./ra/fsp/src/bsp/mcu/all/bsp_io.o
 .debug_line    0x00006dd0      0x64b ./ra/fsp/src/bsp/mcu/all/bsp_irq.o
 .debug_line    0x0000741b      0x465 ./ra/fsp/src/bsp/mcu/all/bsp_register_protection.o
 .debug_line    0x00007880      0x19d ./ra/fsp/src/bsp/mcu/all/bsp_rom_registers.o
 .debug_line    0x00007a1d      0x234 ./ra/fsp/src/bsp/mcu/all/bsp_sbrk.o
 .debug_line    0x00007c51      0x269 ./ra/fsp/src/bsp/cmsis/Device/RENESAS/Source/startup.o
 .debug_line    0x00007eba      0x711 ./ra/fsp/src/bsp/cmsis/Device/RENESAS/Source/system.o
 .debug_line    0x000085cb       0x5a ./ra/board/ra6m5_ck/board_init.o

.debug_str      0x00000000     0xc06c
 .debug_str     0x00000000     0xc06c ./src/hal_entry.o
                               0x4826 (size before relaxing)
 .debug_str     0x0000c06c     0x332e ./ra_gen/common_data.o
 .debug_str     0x0000c06c     0x4db7 ./ra_gen/hal_data.o
 .debug_str     0x0000c06c      0x1e6 ./ra_gen/main.o
 .debug_str     0x0000c06c     0x1d8f ./ra_gen/pin_data.o
 .debug_str     0x0000c06c     0x1d83 ./ra_gen/vector_data.o
 .debug_str     0x0000c06c     0x6be1 ./ra/fsp/src/r_sci_uart/r_sci_uart.o
 .debug_str     0x0000c06c     0x5255 ./ra/fsp/src/r_sci_spi/r_sci_spi.o
 .debug_str     0x0000c06c     0x588a ./ra/fsp/src/r_ioport/r_ioport.o
 .debug_str     0x0000c06c     0x2ec7 ./ra/fsp/src/r_dtc/r_dtc.o
 .debug_str     0x0000c06c     0x26cf ./ra/fsp/src/bsp/mcu/all/bsp_clocks.o
 .debug_str     0x0000c06c     0x1c39 ./ra/fsp/src/bsp/mcu/all/bsp_common.o
 .debug_str     0x0000c06c      0x315 ./ra/fsp/src/bsp/mcu/all/bsp_delay.o
 .debug_str     0x0000c06c     0x21a0 ./ra/fsp/src/bsp/mcu/all/bsp_group_irq.o
 .debug_str     0x0000c06c      0x215 ./ra/fsp/src/bsp/mcu/all/bsp_io.o
 .debug_str     0x0000c06c     0x271b ./ra/fsp/src/bsp/mcu/all/bsp_irq.o
 .debug_str     0x0000c06c     0x1b6c ./ra/fsp/src/bsp/mcu/all/bsp_register_protection.o
 .debug_str     0x0000c06c      0x371 ./ra/fsp/src/bsp/mcu/all/bsp_rom_registers.o
 .debug_str     0x0000c06c      0x276 ./ra/fsp/src/bsp/mcu/all/bsp_sbrk.o
 .debug_str     0x0000c06c      0x27d ./ra/fsp/src/bsp/cmsis/Device/RENESAS/Source/startup.o
 .debug_str     0x0000c06c      0x97f ./ra/fsp/src/bsp/cmsis/Device/RENESAS/Source/system.o
 .debug_str     0x0000c06c      0x1f8 ./ra/board/ra6m5_ck/board_init.o

.debug_frame    0x00000000      0xffc
 .debug_frame   0x00000000       0xb0 ./src/hal_entry.o
 .debug_frame   0x000000b0       0x20 ./ra_gen/common_data.o
 .debug_frame   0x000000d0       0x20 ./ra_gen/hal_data.o
 .debug_frame   0x000000f0       0x28 ./ra_gen/main.o
 .debug_frame   0x00000118      0x1b8 ./ra/fsp/src/r_sci_uart/r_sci_uart.o
 .debug_frame   0x000002d0      0x150 ./ra/fsp/src/r_sci_spi/r_sci_spi.o
 .debug_frame   0x00000420      0x17c ./ra/fsp/src/r_ioport/r_ioport.o
 .debug_frame   0x0000059c      0x100 ./ra/fsp/src/r_dtc/r_dtc.o
 .debug_frame   0x0000069c       0xe0 ./ra/fsp/src/bsp/mcu/all/bsp_clocks.o
 .debug_frame   0x0000077c       0x40 ./ra/fsp/src/bsp/mcu/all/bsp_common.o
 .debug_frame   0x000007bc       0x48 ./ra/fsp/src/bsp/mcu/all/bsp_delay.o
 .debug_frame   0x00000804       0x3c ./ra/fsp/src/bsp/mcu/all/bsp_group_irq.o
 .debug_frame   0x00000840       0x30 ./ra/fsp/src/bsp/mcu/all/bsp_irq.o
 .debug_frame   0x00000870       0x48 ./ra/fsp/src/bsp/mcu/all/bsp_register_protection.o
 .debug_frame   0x000008b8       0x28 ./ra/fsp/src/bsp/mcu/all/bsp_sbrk.o
 .debug_frame   0x000008e0       0x38 ./ra/fsp/src/bsp/cmsis/Device/RENESAS/Source/startup.o
 .debug_frame   0x00000918       0x44 ./ra/fsp/src/bsp/cmsis/Device/RENESAS/Source/system.o
 .debug_frame   0x0000095c       0x20 ./ra/board/ra6m5_ck/board_init.o
 .debug_frame   0x0000097c       0x30 /home/xenwithu/renesas/ra/e2studio_v2024-04_fsp_v5.4.0/toolchains/gcc_arm/arm-gnu-toolchain-13.2.Rel1-x86_64-arm-none-eabi/bin/../lib/gcc/arm-none-eabi/13.2.1/thumb/v8-m.main+fp/hard/libgcc.a(_arm_muldf3.o)
 .debug_frame   0x000009ac       0xac /home/xenwithu/renesas/ra/e2studio_v2024-04_fsp_v5.4.0/toolchains/gcc_arm/arm-gnu-toolchain-13.2.Rel1-x86_64-arm-none-eabi/bin/../lib/gcc/arm-none-eabi/13.2.1/thumb/v8-m.main+fp/hard/libgcc.a(_arm_addsubdf3.o)